Archive member included because of file (symbol)

c:/program files (x86)/atollic/truestudio for arm lite 5.2.2/armtools/bin/../lib/gcc/arm-atollic-eabi/4.8.3/../../../../arm-atollic-eabi/lib/armv7-m\libc.a(lib_a-init.o)
                              src\startup_stm32f10x_md_vl.o (__libc_init_array)
c:/program files (x86)/atollic/truestudio for arm lite 5.2.2/armtools/bin/../lib/gcc/arm-atollic-eabi/4.8.3/../../../../arm-atollic-eabi/lib/armv7-m\libc.a(lib_a-memcmp.o)
                              FreeRTOS_Source\tasks.o (memcmp)
c:/program files (x86)/atollic/truestudio for arm lite 5.2.2/armtools/bin/../lib/gcc/arm-atollic-eabi/4.8.3/../../../../arm-atollic-eabi/lib/armv7-m\libc.a(lib_a-memcpy-stub.o)
                              FreeRTOS_Source\queue.o (memcpy)
c:/program files (x86)/atollic/truestudio for arm lite 5.2.2/armtools/bin/../lib/gcc/arm-atollic-eabi/4.8.3/../../../../arm-atollic-eabi/lib/armv7-m\libc.a(lib_a-memset.o)
                              FreeRTOS_Source\tasks.o (memset)
c:/program files (x86)/atollic/truestudio for arm lite 5.2.2/armtools/bin/../lib/gcc/arm-atollic-eabi/4.8.3/../../../../arm-atollic-eabi/lib/armv7-m\libc.a(lib_a-strncpy.o)
                              FreeRTOS_Source\tasks.o (strncpy)
c:/program files (x86)/atollic/truestudio for arm lite 5.2.2/armtools/bin/../lib/gcc/arm-atollic-eabi/4.8.3/../../../../arm-atollic-eabi/lib/armv7-m\libc.a(lib_a-syscalls.o)
                              src\tiny_printf.o (_write)
c:/program files (x86)/atollic/truestudio for arm lite 5.2.2/armtools/bin/../lib/gcc/arm-atollic-eabi/4.8.3/../../../../arm-atollic-eabi/lib/armv7-m\libc.a(lib_a-reent.o)
                              c:/program files (x86)/atollic/truestudio for arm lite 5.2.2/armtools/bin/../lib/gcc/arm-atollic-eabi/4.8.3/../../../../arm-atollic-eabi/lib/armv7-m\libc.a(lib_a-syscalls.o) (errno)
c:/program files (x86)/atollic/truestudio for arm lite 5.2.2/armtools/bin/../lib/gcc/arm-atollic-eabi/4.8.3/../../../../arm-atollic-eabi/lib/armv7-m\libc.a(lib_a-freer.o)
                              c:/program files (x86)/atollic/truestudio for arm lite 5.2.2/armtools/bin/../lib/gcc/arm-atollic-eabi/4.8.3/../../../../arm-atollic-eabi/lib/armv7-m\libc.a(lib_a-reent.o) (_free_r)
c:/program files (x86)/atollic/truestudio for arm lite 5.2.2/armtools/bin/../lib/gcc/arm-atollic-eabi/4.8.3/../../../../arm-atollic-eabi/lib/armv7-m\libc.a(lib_a-impure.o)
                              c:/program files (x86)/atollic/truestudio for arm lite 5.2.2/armtools/bin/../lib/gcc/arm-atollic-eabi/4.8.3/../../../../arm-atollic-eabi/lib/armv7-m\libc.a(lib_a-reent.o) (_impure_ptr)
c:/program files (x86)/atollic/truestudio for arm lite 5.2.2/armtools/bin/../lib/gcc/arm-atollic-eabi/4.8.3/../../../../arm-atollic-eabi/lib/armv7-m\libc.a(lib_a-mallocr.o)
                              c:/program files (x86)/atollic/truestudio for arm lite 5.2.2/armtools/bin/../lib/gcc/arm-atollic-eabi/4.8.3/../../../../arm-atollic-eabi/lib/armv7-m\libc.a(lib_a-freer.o) (__malloc_current_mallinfo)
c:/program files (x86)/atollic/truestudio for arm lite 5.2.2/armtools/bin/../lib/gcc/arm-atollic-eabi/4.8.3/../../../../arm-atollic-eabi/lib/armv7-m\libc.a(lib_a-mlock.o)
                              c:/program files (x86)/atollic/truestudio for arm lite 5.2.2/armtools/bin/../lib/gcc/arm-atollic-eabi/4.8.3/../../../../arm-atollic-eabi/lib/armv7-m\libc.a(lib_a-freer.o) (__malloc_lock)
c:/program files (x86)/atollic/truestudio for arm lite 5.2.2/armtools/bin/../lib/gcc/arm-atollic-eabi/4.8.3/../../../../arm-atollic-eabi/lib/armv7-m\libc.a(lib_a-sbrkr.o)
                              c:/program files (x86)/atollic/truestudio for arm lite 5.2.2/armtools/bin/../lib/gcc/arm-atollic-eabi/4.8.3/../../../../arm-atollic-eabi/lib/armv7-m\libc.a(lib_a-freer.o) (_sbrk_r)

Allocating common symbols
Common symbol       size              file

errno               0x4               c:/program files (x86)/atollic/truestudio for arm lite 5.2.2/armtools/bin/../lib/gcc/arm-atollic-eabi/4.8.3/../../../../arm-atollic-eabi/lib/armv7-m\libc.a(lib_a-reent.o)
GPIO_Buttons        0x4               src\main.o
GPIO_Leds           0x4               src\main.o
xQueueRegistry      0x80              FreeRTOS_Source\queue.o
EXTI_InitStructure  0x8               src\main.o

Discarded input sections

 .text          0x00000000        0x0 c:/program files (x86)/atollic/truestudio for arm lite 5.2.2/armtools/bin/../lib/gcc/arm-atollic-eabi/4.8.3/armv7-m/crti.o
 .data          0x00000000        0x0 c:/program files (x86)/atollic/truestudio for arm lite 5.2.2/armtools/bin/../lib/gcc/arm-atollic-eabi/4.8.3/armv7-m/crti.o
 .bss           0x00000000        0x0 c:/program files (x86)/atollic/truestudio for arm lite 5.2.2/armtools/bin/../lib/gcc/arm-atollic-eabi/4.8.3/armv7-m/crti.o
 .data          0x00000000        0x4 c:/program files (x86)/atollic/truestudio for arm lite 5.2.2/armtools/bin/../lib/gcc/arm-atollic-eabi/4.8.3/armv7-m/crtbegin.o
[...]
Memory Configuration

Name             Origin             Length             Attributes
FLASH            0x08000000         0x00020000         xr
RAM              0x20000000         0x00002000         xrw
MEMORY_B1        0x60000000         0x00000000         xr
*default*        0x00000000         0xffffffff

Linker script and memory map

LOAD c:/program files (x86)/atollic/truestudio for arm lite 5.2.2/armtools/bin/../lib/gcc/arm-atollic-eabi/4.8.3/armv7-m/crti.o
LOAD c:/program files (x86)/atollic/truestudio for arm lite 5.2.2/armtools/bin/../lib/gcc/arm-atollic-eabi/4.8.3/armv7-m/crtbegin.o
LOAD src\tiny_printf.o
LOAD src\system_stm32f10x.o
LOAD src\stm32f10x_it.o
LOAD src\startup_stm32f10x_md_vl.o
LOAD src\main.o
LOAD Utilities\STM32_EVAL\STM32_Discovery\STM32vldiscovery.o
LOAD Libraries\STM32F10x_StdPeriph_Driver\src\stm32f10x_wwdg.o
LOAD Libraries\STM32F10x_StdPeriph_Driver\src\stm32f10x_usart.o
LOAD Libraries\STM32F10x_StdPeriph_Driver\src\stm32f10x_tim.o
LOAD Libraries\STM32F10x_StdPeriph_Driver\src\stm32f10x_spi.o
LOAD Libraries\STM32F10x_StdPeriph_Driver\src\stm32f10x_sdio.o
LOAD Libraries\STM32F10x_StdPeriph_Driver\src\stm32f10x_rtc.o
LOAD Libraries\STM32F10x_StdPeriph_Driver\src\stm32f10x_rcc.o
LOAD Libraries\STM32F10x_StdPeriph_Driver\src\stm32f10x_pwr.o
LOAD Libraries\STM32F10x_StdPeriph_Driver\src\stm32f10x_iwdg.o
LOAD Libraries\STM32F10x_StdPeriph_Driver\src\stm32f10x_i2c.o
LOAD Libraries\STM32F10x_StdPeriph_Driver\src\stm32f10x_gpio.o
LOAD Libraries\STM32F10x_StdPeriph_Driver\src\stm32f10x_fsmc.o
LOAD Libraries\STM32F10x_StdPeriph_Driver\src\stm32f10x_flash.o
LOAD Libraries\STM32F10x_StdPeriph_Driver\src\stm32f10x_exti.o
LOAD Libraries\STM32F10x_StdPeriph_Driver\src\stm32f10x_dma.o
LOAD Libraries\STM32F10x_StdPeriph_Driver\src\stm32f10x_dbgmcu.o
LOAD Libraries\STM32F10x_StdPeriph_Driver\src\stm32f10x_dac.o
LOAD Libraries\STM32F10x_StdPeriph_Driver\src\stm32f10x_crc.o
LOAD Libraries\STM32F10x_StdPeriph_Driver\src\stm32f10x_cec.o
LOAD Libraries\STM32F10x_StdPeriph_Driver\src\stm32f10x_can.o
LOAD Libraries\STM32F10x_StdPeriph_Driver\src\stm32f10x_bkp.o
LOAD Libraries\STM32F10x_StdPeriph_Driver\src\stm32f10x_adc.o
LOAD Libraries\STM32F10x_StdPeriph_Driver\src\misc.o
LOAD FreeRTOS_Source\timers.o
LOAD FreeRTOS_Source\tasks.o
LOAD FreeRTOS_Source\queue.o
LOAD FreeRTOS_Source\portable\MemMang\heap_1.o
LOAD FreeRTOS_Source\portable\GCC\ARM_CM3\port.o
LOAD FreeRTOS_Source\list.o
LOAD c:/program files (x86)/atollic/truestudio for arm lite 5.2.2/armtools/bin/../lib/gcc/arm-atollic-eabi/4.8.3/../../../../arm-atollic-eabi/lib/armv7-m\libm.a
START GROUP
LOAD c:/program files (x86)/atollic/truestudio for arm lite 5.2.2/armtools/bin/../lib/gcc/arm-atollic-eabi/4.8.3/../../../../arm-atollic-eabi/lib/armv7-m\libc.a
LOAD c:/program files (x86)/atollic/truestudio for arm lite 5.2.2/armtools/bin/../lib/gcc/arm-atollic-eabi/4.8.3/../../../../arm-atollic-eabi/lib/armv7-m\libm.a
END GROUP
                0x00001000                malloc_getpagesize_P = 0x1000
START GROUP
LOAD c:/program files (x86)/atollic/truestudio for arm lite 5.2.2/armtools/bin/../lib/gcc/arm-atollic-eabi/4.8.3/armv7-m\libgcc.a
LOAD c:/program files (x86)/atollic/truestudio for arm lite 5.2.2/armtools/bin/../lib/gcc/arm-atollic-eabi/4.8.3/../../../../arm-atollic-eabi/lib/armv7-m\libc.a
END GROUP
LOAD c:/program files (x86)/atollic/truestudio for arm lite 5.2.2/armtools/bin/../lib/gcc/arm-atollic-eabi/4.8.3/armv7-m/crtend.o
LOAD c:/program files (x86)/atollic/truestudio for arm lite 5.2.2/armtools/bin/../lib/gcc/arm-atollic-eabi/4.8.3/armv7-m/crtn.o
                0x20002000                _estack = 0x20002000
                0x00000000                _Min_Heap_Size = 0x0
                0x00000080                _Min_Stack_Size = 0x80

.isr_vector     0x08000000      0x1d0
                0x08000000                . = ALIGN (0x4)
 *(.isr_vector)
 .isr_vector    0x08000000      0x1d0 src\startup_stm32f10x_md_vl.o
                0x08000000                g_pfnVectors
                0x080001d0                . = ALIGN (0x4)

.text           0x080001d0     0x2e40
                0x080001d0                . = ALIGN (0x4)
 *(.text)
 .text          0x080001d0       0x40 c:/program files (x86)/atollic/truestudio for arm lite 5.2.2/armtools/bin/../lib/gcc/arm-atollic-eabi/4.8.3/armv7-m/crtbegin.o
 *(.text*)
 .text.SystemInit
                0x08000210       0x6c src\system_stm32f10x.o
                0x08000210                SystemInit
 .text.SetSysClock
                0x0800027c        0xc src\system_stm32f10x.o
 .text.SetSysClockTo24
                0x08000288       0xd4 src\system_stm32f10x.o
 .text.NMI_Handler
                0x0800035c        0xc src\stm32f10x_it.o
                0x0800035c                NMI_Handler
 .text.HardFault_Handler
                0x08000368        0x8 src\stm32f10x_it.o
                0x08000368                HardFault_Handler
 .text.MemManage_Handler
                0x08000370        0x8 src\stm32f10x_it.o
                0x08000370                MemManage_Handler
 .text.BusFault_Handler
                0x08000378        0x8 src\stm32f10x_it.o
                0x08000378                BusFault_Handler
 .text.UsageFault_Handler
                0x08000380        0x8 src\stm32f10x_it.o
                0x08000380                UsageFault_Handler
 .text.DebugMon_Handler
                0x08000388        0xc src\stm32f10x_it.o
                0x08000388                DebugMon_Handler
 .text.Reset_Handler
                0x08000394       0x50 src\startup_stm32f10x_md_vl.o
                0x08000394                Reset_Handler
 .text.Default_Handler
                0x080003e4        0x4 src\startup_stm32f10x_md_vl.o
                0x080003e4                TIM1_CC_IRQHandler
                0x080003e4                PVD_IRQHandler
                0x080003e4                EXTI3_IRQHandler
                0x080003e4                EXTI0_IRQHandler
                0x080003e4                I2C2_EV_IRQHandler
                0x080003e4                TIM1_UP_TIM16_IRQHandler
                0x080003e4                SPI1_IRQHandler
                0x080003e4                TAMPER_IRQHandler
                0x080003e4                TIM6_DAC_IRQHandler
                0x080003e4                DMA1_Channel4_IRQHandler
                0x080003e4                ADC1_IRQHandler
                0x080003e4                USART3_IRQHandler
                0x080003e4                RTC_IRQHandler
                0x080003e4                DMA1_Channel7_IRQHandler
                0x080003e4                TIM4_IRQHandler
                0x080003e4                I2C1_EV_IRQHandler
                0x080003e4                DMA1_Channel6_IRQHandler
                0x080003e4                TIM3_IRQHandler
                0x080003e4                RCC_IRQHandler
                0x080003e4                DMA1_Channel1_IRQHandler
                0x080003e4                Default_Handler
                0x080003e4                CEC_IRQHandler
                0x080003e4                EXTI15_10_IRQHandler
                0x080003e4                TIM7_IRQHandler
                0x080003e4                EXTI9_5_IRQHandler
                0x080003e4                SPI2_IRQHandler
                0x080003e4                DMA1_Channel5_IRQHandler
                0x080003e4                EXTI4_IRQHandler
                0x080003e4                TIM1_TRG_COM_TIM17_IRQHandler
                0x080003e4                DMA1_Channel3_IRQHandler
                0x080003e4                WWDG_IRQHandler
                0x080003e4                TIM2_IRQHandler
                0x080003e4                RTCAlarm_IRQHandler
                0x080003e4                USART2_IRQHandler
                0x080003e4                I2C2_ER_IRQHandler
                0x080003e4                DMA1_Channel2_IRQHandler
                0x080003e4                FLASH_IRQHandler
                0x080003e4                I2C1_ER_IRQHandler
                0x080003e4                TIM1_BRK_TIM15_IRQHandler
 .text.NVIC_SetPriorityGrouping
                0x080003e8       0x48 src\main.o
 .text.main     0x08000430       0xc4 src\main.o
                0x08000430                main
 .text.Task_led
                0x080004f4       0x4c src\main.o
 .text.Task_debounce
                0x08000540       0x44 src\main.o
 .text.prvSetupHardware
                0x08000584       0x28 src\main.o
 .text.GPIO_Conf
                0x080005ac       0x70 src\main.o
 .text.EXTILine1_Config
                0x0800061c       0x68 src\main.o
                0x0800061c                EXTILine1_Config
 .text.EXTILine2_Config
                0x08000684       0x68 src\main.o
                0x08000684                EXTILine2_Config
 .text.EXTI1_IRQHandler
                0x080006ec       0x54 src\main.o
                0x080006ec                EXTI1_IRQHandler
 .text.EXTI2_IRQHandler
                0x08000740       0x54 src\main.o
                0x08000740                EXTI2_IRQHandler
 .text.USART1_Init
                0x08000794       0xa0 src\main.o
                0x08000794                USART1_Init
 .text.USART1_IRQHandler
                0x08000834       0x54 src\main.o
                0x08000834                USART1_IRQHandler
 .text.vApplicationMallocFailedHook
                0x08000888        0x8 src\main.o
                0x08000888                vApplicationMallocFailedHook
 .text.vApplicationStackOverflowHook
                0x08000890        0xc src\main.o
                0x08000890                vApplicationStackOverflowHook
 .text.vApplicationIdleHook
                0x0800089c       0x18 src\main.o
                0x0800089c                vApplicationIdleHook
 .text.vApplicationTickHook
                0x080008b4       0x14 src\main.o
                0x080008b4                vApplicationTickHook
 .text.STM32vldiscovery_LEDOn
                0x080008c8       0x30 Utilities\STM32_EVAL\STM32_Discovery\STM32vldiscovery.o
                0x080008c8                STM32vldiscovery_LEDOn
 .text.STM32vldiscovery_LEDToggle
                0x080008f8       0x3c Utilities\STM32_EVAL\STM32_Discovery\STM32vldiscovery.o
                0x080008f8                STM32vldiscovery_LEDToggle
 .text.USART_Init
                0x08000934      0x174 Libraries\STM32F10x_StdPeriph_Driver\src\stm32f10x_usart.o
                0x08000934                USART_Init
 .text.USART_Cmd
                0x08000aa8       0x40 Libraries\STM32F10x_StdPeriph_Driver\src\stm32f10x_usart.o
                0x08000aa8                USART_Cmd
 .text.USART_ITConfig
                0x08000ae8       0x90 Libraries\STM32F10x_StdPeriph_Driver\src\stm32f10x_usart.o
                0x08000ae8                USART_ITConfig
 .text.USART_ReceiveData
                0x08000b78       0x20 Libraries\STM32F10x_StdPeriph_Driver\src\stm32f10x_usart.o
                0x08000b78                USART_ReceiveData
 .text.USART_GetITStatus
                0x08000b98       0xb0 Libraries\STM32F10x_StdPeriph_Driver\src\stm32f10x_usart.o
                0x08000b98                USART_GetITStatus
 .text.RCC_GetClocksFreq
                0x08000c48      0x15c Libraries\STM32F10x_StdPeriph_Driver\src\stm32f10x_rcc.o
                0x08000c48                RCC_GetClocksFreq
 .text.RCC_APB2PeriphClockCmd
                0x08000da4       0x3c Libraries\STM32F10x_StdPeriph_Driver\src\stm32f10x_rcc.o
                0x08000da4                RCC_APB2PeriphClockCmd
 .text.GPIO_Init
                0x08000de0      0x178 Libraries\STM32F10x_StdPeriph_Driver\src\stm32f10x_gpio.o
                0x08000de0                GPIO_Init
 .text.GPIO_StructInit
                0x08000f58       0x28 Libraries\STM32F10x_StdPeriph_Driver\src\stm32f10x_gpio.o
                0x08000f58                GPIO_StructInit
 .text.GPIO_EXTILineConfig
                0x08000f80       0x7c Libraries\STM32F10x_StdPeriph_Driver\src\stm32f10x_gpio.o
                0x08000f80                GPIO_EXTILineConfig
 .text.EXTI_Init
                0x08000ffc       0xdc Libraries\STM32F10x_StdPeriph_Driver\src\stm32f10x_exti.o
                0x08000ffc                EXTI_Init
 .text.EXTI_ClearFlag
                0x080010d8       0x1c Libraries\STM32F10x_StdPeriph_Driver\src\stm32f10x_exti.o
                0x080010d8                EXTI_ClearFlag
 .text.EXTI_GetITStatus
                0x080010f4       0x48 Libraries\STM32F10x_StdPeriph_Driver\src\stm32f10x_exti.o
                0x080010f4                EXTI_GetITStatus
 .text.EXTI_ClearITPendingBit
                0x0800113c       0x1c Libraries\STM32F10x_StdPeriph_Driver\src\stm32f10x_exti.o
                0x0800113c                EXTI_ClearITPendingBit
 .text.NVIC_Init
                0x08001158       0xc0 Libraries\STM32F10x_StdPeriph_Driver\src\misc.o
                0x08001158                NVIC_Init
 .text.xTimerCreateTimerTask
                0x08001218       0x5c FreeRTOS_Source\timers.o
                0x08001218                xTimerCreateTimerTask
 .text.xTimerGenericCommand
                0x08001274       0x8c FreeRTOS_Source\timers.o
                0x08001274                xTimerGenericCommand
 .text.prvProcessExpiredTimer
                0x08001300       0x74 FreeRTOS_Source\timers.o
 .text.prvTimerTask
                0x08001374       0x24 FreeRTOS_Source\timers.o
 .text.prvProcessTimerOrBlockTask
                0x08001398       0x6c FreeRTOS_Source\timers.o
 .text.prvGetNextExpireTime
                0x08001404       0x48 FreeRTOS_Source\timers.o
 .text.prvSampleTimeNow
                0x0800144c       0x44 FreeRTOS_Source\timers.o
 .text.prvInsertTimerInActiveList
                0x08001490       0x84 FreeRTOS_Source\timers.o
 .text.prvProcessReceivedCommands
                0x08001514      0x100 FreeRTOS_Source\timers.o
 .text.prvSwitchTimerLists
                0x08001614       0xb8 FreeRTOS_Source\timers.o
 .text.prvCheckForValidListAndQueue
                0x080016cc       0x54 FreeRTOS_Source\timers.o
 .text.xTaskGenericCreate
                0x08001720      0x19c FreeRTOS_Source\tasks.o
                0x08001720                xTaskGenericCreate
 .text.vTaskDelay
                0x080018bc       0x50 FreeRTOS_Source\tasks.o
                0x080018bc                vTaskDelay
 .text.vTaskStartScheduler
                0x0800190c       0x74 FreeRTOS_Source\tasks.o
                0x0800190c                vTaskStartScheduler
 .text.vTaskSuspendAll
                0x08001980       0x1c FreeRTOS_Source\tasks.o
                0x08001980                vTaskSuspendAll
 .text.xTaskResumeAll
                0x0800199c      0x108 FreeRTOS_Source\tasks.o
                0x0800199c                xTaskResumeAll
 .text.xTaskGetTickCount
                0x08001aa4       0x24 FreeRTOS_Source\tasks.o
                0x08001aa4                xTaskGetTickCount
 .text.vTaskIncrementTick
                0x08001ac8      0x150 FreeRTOS_Source\tasks.o
                0x08001ac8                vTaskIncrementTick
 .text.vTaskSwitchContext
                0x08001c18       0xf0 FreeRTOS_Source\tasks.o
                0x08001c18                vTaskSwitchContext
 .text.vTaskPlaceOnEventList
                0x08001d08       0x70 FreeRTOS_Source\tasks.o
                0x08001d08                vTaskPlaceOnEventList
 .text.vTaskPlaceOnEventListRestricted
                0x08001d78       0x54 FreeRTOS_Source\tasks.o
                0x08001d78                vTaskPlaceOnEventListRestricted
 .text.xTaskRemoveFromEventList
                0x08001dcc       0xb0 FreeRTOS_Source\tasks.o
                0x08001dcc                xTaskRemoveFromEventList
 .text.vTaskSetTimeOutState
                0x08001e7c       0x3c FreeRTOS_Source\tasks.o
                0x08001e7c                vTaskSetTimeOutState
 .text.xTaskCheckForTimeOut
                0x08001eb8       0xa8 FreeRTOS_Source\tasks.o
                0x08001eb8                xTaskCheckForTimeOut
 .text.vTaskMissedYield
                0x08001f60       0x18 FreeRTOS_Source\tasks.o
                0x08001f60                vTaskMissedYield
 .text.prvIdleTask
                0x08001f78       0x24 FreeRTOS_Source\tasks.o
 .text.prvInitialiseTCBVariables
                0x08001f9c       0x6c FreeRTOS_Source\tasks.o
 .text.prvInitialiseTaskLists
                0x08002008       0x7c FreeRTOS_Source\tasks.o
 .text.prvCheckTasksWaitingTermination
                0x08002084       0x74 FreeRTOS_Source\tasks.o
 .text.prvAddCurrentTaskToDelayedList
                0x080020f8       0x6c FreeRTOS_Source\tasks.o
 .text.prvAllocateTCBAndStack
                0x08002164       0x64 FreeRTOS_Source\tasks.o
 .text.prvDeleteTCB
                0x080021c8       0x20 FreeRTOS_Source\tasks.o
 .text.xTaskGetCurrentTaskHandle
                0x080021e8       0x20 FreeRTOS_Source\tasks.o
                0x080021e8                xTaskGetCurrentTaskHandle
 .text.xTaskGetSchedulerState
                0x08002208       0x3c FreeRTOS_Source\tasks.o
                0x08002208                xTaskGetSchedulerState
 .text.vTaskPriorityInherit
                0x08002244       0xb4 FreeRTOS_Source\tasks.o
                0x08002244                vTaskPriorityInherit
 .text.vTaskPriorityDisinherit
                0x080022f8       0x7c FreeRTOS_Source\tasks.o
                0x080022f8                vTaskPriorityDisinherit
 .text.xQueueGenericReset
                0x08002374       0xb0 FreeRTOS_Source\queue.o
                0x08002374                xQueueGenericReset
 .text.xQueueGenericCreate
                0x08002424       0x80 FreeRTOS_Source\queue.o
                0x08002424                xQueueGenericCreate
 .text.xQueueGenericSend
                0x080024a4      0x140 FreeRTOS_Source\queue.o
                0x080024a4                xQueueGenericSend
 .text.xQueueGenericSendFromISR
                0x080025e4       0xb8 FreeRTOS_Source\queue.o
                0x080025e4                xQueueGenericSendFromISR
 .text.xQueueGenericReceive
                0x0800269c      0x1a0 FreeRTOS_Source\queue.o
                0x0800269c                xQueueGenericReceive
 .text.xQueueReceiveFromISR
                0x0800283c       0xbc FreeRTOS_Source\queue.o
                0x0800283c                xQueueReceiveFromISR
 .text.prvCopyDataToQueue
                0x080028f8       0xb8 FreeRTOS_Source\queue.o
 .text.prvCopyDataFromQueue
                0x080029b0       0x4c FreeRTOS_Source\queue.o
 .text.prvUnlockQueue
                0x080029fc       0x98 FreeRTOS_Source\queue.o
 .text.prvIsQueueEmpty
                0x08002a94       0x2c FreeRTOS_Source\queue.o
 .text.prvIsQueueFull
                0x08002ac0       0x30 FreeRTOS_Source\queue.o
 .text.vQueueWaitForMessageRestricted
                0x08002af0       0x54 FreeRTOS_Source\queue.o
                0x08002af0                vQueueWaitForMessageRestricted
 .text.pvPortMalloc
                0x08002b44       0x78 FreeRTOS_Source\portable\MemMang\heap_1.o
                0x08002b44                pvPortMalloc
 .text.vPortFree
                0x08002bbc       0x14 FreeRTOS_Source\portable\MemMang\heap_1.o
                0x08002bbc                vPortFree
 .text.xPortGetFreeHeapSize
                0x08002bd0       0x1c FreeRTOS_Source\portable\MemMang\heap_1.o
                0x08002bd0                xPortGetFreeHeapSize
 .text.pxPortInitialiseStack
                0x08002bec       0x54 FreeRTOS_Source\portable\GCC\ARM_CM3\port.o
                0x08002bec                pxPortInitialiseStack
 .text.SVC_Handler
                0x08002c40       0x20 FreeRTOS_Source\portable\GCC\ARM_CM3\port.o
                0x08002c40                SVC_Handler
 .text.prvPortStartFirstTask
                0x08002c60       0x14 FreeRTOS_Source\portable\GCC\ARM_CM3\port.o
 .text.xPortStartScheduler
                0x08002c74       0x38 FreeRTOS_Source\portable\GCC\ARM_CM3\port.o
                0x08002c74                xPortStartScheduler
 .text.vPortYieldFromISR
                0x08002cac       0x18 FreeRTOS_Source\portable\GCC\ARM_CM3\port.o
                0x08002cac                vPortYieldFromISR
 .text.vPortEnterCritical
                0x08002cc4       0x24 FreeRTOS_Source\portable\GCC\ARM_CM3\port.o
                0x08002cc4                vPortEnterCritical
 .text.vPortExitCritical
                0x08002ce8       0x2c FreeRTOS_Source\portable\GCC\ARM_CM3\port.o
                0x08002ce8                vPortExitCritical
 .text.PendSV_Handler
                0x08002d14       0x3c FreeRTOS_Source\portable\GCC\ARM_CM3\port.o
                0x08002d14                PendSV_Handler
 .text.SysTick_Handler
                0x08002d50       0x30 FreeRTOS_Source\portable\GCC\ARM_CM3\port.o
                0x08002d50                SysTick_Handler
 .text.prvSetupTimerInterrupt
                0x08002d80       0x24 FreeRTOS_Source\portable\GCC\ARM_CM3\port.o
 .text.vListInitialise
                0x08002da4       0x40 FreeRTOS_Source\list.o
                0x08002da4                vListInitialise
 .text.vListInitialiseItem
                0x08002de4       0x18 FreeRTOS_Source\list.o
                0x08002de4                vListInitialiseItem
 .text.vListInsertEnd
                0x08002dfc       0x50 FreeRTOS_Source\list.o
                0x08002dfc                vListInsertEnd
 .text.vListInsert
                0x08002e4c       0x70 FreeRTOS_Source\list.o
                0x08002e4c                vListInsert
 .text.vListRemove
                0x08002ebc       0x50 FreeRTOS_Source\list.o
                0x08002ebc                vListRemove
 .text.__libc_init_array
                0x08002f0c       0x4c c:/program files (x86)/atollic/truestudio for arm lite 5.2.2/armtools/bin/../lib/gcc/arm-atollic-eabi/4.8.3/../../../../arm-atollic-eabi/lib/armv7-m\libc.a(lib_a-init.o)
                0x08002f0c                __libc_init_array
 .text.memcmp   0x08002f58       0x1e c:/program files (x86)/atollic/truestudio for arm lite 5.2.2/armtools/bin/../lib/gcc/arm-atollic-eabi/4.8.3/../../../../arm-atollic-eabi/lib/armv7-m\libc.a(lib_a-memcmp.o)
                0x08002f58                memcmp
 .text.memcpy   0x08002f76       0x12 c:/program files (x86)/atollic/truestudio for arm lite 5.2.2/armtools/bin/../lib/gcc/arm-atollic-eabi/4.8.3/../../../../arm-atollic-eabi/lib/armv7-m\libc.a(lib_a-memcpy-stub.o)
                0x08002f76                memcpy
 .text.memset   0x08002f88       0x10 c:/program files (x86)/atollic/truestudio for arm lite 5.2.2/armtools/bin/../lib/gcc/arm-atollic-eabi/4.8.3/../../../../arm-atollic-eabi/lib/armv7-m\libc.a(lib_a-memset.o)
                0x08002f88                memset
 .text.strncpy  0x08002f98       0x24 c:/program files (x86)/atollic/truestudio for arm lite 5.2.2/armtools/bin/../lib/gcc/arm-atollic-eabi/4.8.3/../../../../arm-atollic-eabi/lib/armv7-m\libc.a(lib_a-strncpy.o)
                0x08002f98                strncpy
 *(.rodata)
 .rodata        0x08002fbc       0x14 src\main.o
 .rodata        0x08002fd0        0x8 FreeRTOS_Source\timers.o
 .rodata        0x08002fd8        0x8 FreeRTOS_Source\tasks.o
 *(.rodata*)
 .rodata.GPIO_PIN
                0x08002fe0        0x4 Utilities\STM32_EVAL\STM32_Discovery\STM32vldiscovery.o
                0x08002fe0                GPIO_PIN
 .rodata.ucExpectedStackBytes.5912
                0x08002fe4       0x14 FreeRTOS_Source\tasks.o
 *(.glue_7)
 .glue_7        0x00000000        0x0 linker stubs
 *(.glue_7t)
 .glue_7t       0x00000000        0x0 linker stubs
 *(.eh_frame)
 .eh_frame      0x08002ff8        0x0 c:/program files (x86)/atollic/truestudio for arm lite 5.2.2/armtools/bin/../lib/gcc/arm-atollic-eabi/4.8.3/armv7-m/crtbegin.o
 *(.init)
 .init          0x08002ff8        0x4 c:/program files (x86)/atollic/truestudio for arm lite 5.2.2/armtools/bin/../lib/gcc/arm-atollic-eabi/4.8.3/armv7-m/crti.o
                0x08002ff8                _init
 .init          0x08002ffc        0x8 c:/program files (x86)/atollic/truestudio for arm lite 5.2.2/armtools/bin/../lib/gcc/arm-atollic-eabi/4.8.3/armv7-m/crtn.o
 *(.fini)
 .fini          0x08003004        0x4 c:/program files (x86)/atollic/truestudio for arm lite 5.2.2/armtools/bin/../lib/gcc/arm-atollic-eabi/4.8.3/armv7-m/crti.o
                0x08003004                _fini
 .fini          0x08003008        0x8 c:/program files (x86)/atollic/truestudio for arm lite 5.2.2/armtools/bin/../lib/gcc/arm-atollic-eabi/4.8.3/armv7-m/crtn.o
                0x08003010                . = ALIGN (0x4)
                0x08003010                _etext = .

.vfp11_veneer   0x08003010        0x0
 .vfp11_veneer  0x00000000        0x0 linker stubs

.v4_bx          0x08003010        0x0
 .v4_bx         0x00000000        0x0 linker stubs

.iplt           0x08003010        0x0
 .iplt          0x00000000        0x0 c:/program files (x86)/atollic/truestudio for arm lite 5.2.2/armtools/bin/../lib/gcc/arm-atollic-eabi/4.8.3/armv7-m/crtbegin.o

.rel.dyn        0x08003010        0x0
 .rel.iplt      0x00000000        0x0 c:/program files (x86)/atollic/truestudio for arm lite 5.2.2/armtools/bin/../lib/gcc/arm-atollic-eabi/4.8.3/armv7-m/crtbegin.o

.ARM.extab
 *(.ARM.extab* .gnu.linkonce.armextab.*)

.ARM            0x08003010        0x0
                0x08003010                __exidx_start = .
 *(.ARM.exidx*)
                0x08003010                __exidx_end = .

.preinit_array  0x08003010        0x0
                0x08003010                PROVIDE (__preinit_array_start, .)
 *(.preinit_array*)
                0x08003010                PROVIDE (__preinit_array_end, .)

.init_array     0x08003010        0x4
                0x08003010                PROVIDE (__init_array_start, .)
 *(SORT(.init_array.*))
 *(.init_array*)
 .init_array    0x08003010        0x4 c:/program files (x86)/atollic/truestudio for arm lite 5.2.2/armtools/bin/../lib/gcc/arm-atollic-eabi/4.8.3/armv7-m/crtbegin.o
                0x08003014                PROVIDE (__init_array_end, .)

.fini_array     0x08003014        0x4
                0x08003014                PROVIDE (__fini_array_start, .)
 *(SORT(.fini_array.*))
 *(.fini_array*)
 .fini_array    0x08003014        0x4 c:/program files (x86)/atollic/truestudio for arm lite 5.2.2/armtools/bin/../lib/gcc/arm-atollic-eabi/4.8.3/armv7-m/crtbegin.o
                0x08003018                PROVIDE (__fini_array_end, .)
                0x08003018                _sidata = LOADADDR (.data)

.data           0x20000000       0x24 load address 0x08003018
                0x20000000                . = ALIGN (0x4)
                0x20000000                _sdata = .
 *(.data)
 *(.data*)
 .data.GPIO_PORT
                0x20000000        0x8 Utilities\STM32_EVAL\STM32_Discovery\STM32vldiscovery.o
                0x20000000                GPIO_PORT
 .data.APBAHBPrescTable
                0x20000008       0x10 Libraries\STM32F10x_StdPeriph_Driver\src\stm32f10x_rcc.o
 .data.ADCPrescTable
                0x20000018        0x4 Libraries\STM32F10x_StdPeriph_Driver\src\stm32f10x_rcc.o
 .data.xNextTaskUnblockTime
                0x2000001c        0x4 FreeRTOS_Source\tasks.o
 .data.uxCriticalNesting
                0x20000020        0x4 FreeRTOS_Source\portable\GCC\ARM_CM3\port.o
                0x20000024                . = ALIGN (0x4)
                0x20000024                _edata = .

.igot.plt       0x20000024        0x0 load address 0x0800303c
 .igot.plt      0x00000000        0x0 c:/program files (x86)/atollic/truestudio for arm lite 5.2.2/armtools/bin/../lib/gcc/arm-atollic-eabi/4.8.3/armv7-m/crtbegin.o
                0x20000024                . = ALIGN (0x4)

.bss            0x20000028     0x1d64 load address 0x0800303c
                0x20000028                _sbss = .
                0x20000028                __bss_start__ = _sbss
 *(.bss)
 .bss           0x20000028       0x1c c:/program files (x86)/atollic/truestudio for arm lite 5.2.2/armtools/bin/../lib/gcc/arm-atollic-eabi/4.8.3/armv7-m/crtbegin.o
 *(.bss*)
 .bss.xQueue    0x20000044        0x4 src\main.o
 .bss.event_1   0x20000048        0x4 src\main.o
 .bss.event_2   0x2000004c        0x4 src\main.o
 .bss.xActiveTimerList1
                0x20000050       0x14 FreeRTOS_Source\timers.o
 .bss.xActiveTimerList2
                0x20000064       0x14 FreeRTOS_Source\timers.o
 .bss.pxCurrentTimerList
                0x20000078        0x4 FreeRTOS_Source\timers.o
 .bss.pxOverflowTimerList
                0x2000007c        0x4 FreeRTOS_Source\timers.o
 .bss.xTimerQueue
                0x20000080        0x4 FreeRTOS_Source\timers.o
 .bss.xLastTime.4426
                0x20000084        0x4 FreeRTOS_Source\timers.o
 .bss.pxCurrentTCB
                0x20000088        0x4 FreeRTOS_Source\tasks.o
                0x20000088                pxCurrentTCB
 .bss.pxReadyTasksLists
                0x2000008c       0x64 FreeRTOS_Source\tasks.o
 .bss.xDelayedTaskList1
                0x200000f0       0x14 FreeRTOS_Source\tasks.o
 .bss.xDelayedTaskList2
                0x20000104       0x14 FreeRTOS_Source\tasks.o
 .bss.pxDelayedTaskList
                0x20000118        0x4 FreeRTOS_Source\tasks.o
 .bss.pxOverflowDelayedTaskList
                0x2000011c        0x4 FreeRTOS_Source\tasks.o
 .bss.xPendingReadyList
                0x20000120       0x14 FreeRTOS_Source\tasks.o
 .bss.xTasksWaitingTermination
                0x20000134       0x14 FreeRTOS_Source\tasks.o
 .bss.uxTasksDeleted
                0x20000148        0x4 FreeRTOS_Source\tasks.o
 .bss.xSuspendedTaskList
                0x2000014c       0x14 FreeRTOS_Source\tasks.o
 .bss.uxCurrentNumberOfTasks
                0x20000160        0x4 FreeRTOS_Source\tasks.o
 .bss.xTickCount
                0x20000164        0x4 FreeRTOS_Source\tasks.o
 .bss.uxTopUsedPriority
                0x20000168        0x4 FreeRTOS_Source\tasks.o
 .bss.uxTopReadyPriority
                0x2000016c        0x4 FreeRTOS_Source\tasks.o
 .bss.xSchedulerRunning
                0x20000170        0x4 FreeRTOS_Source\tasks.o
 .bss.uxSchedulerSuspended
                0x20000174        0x4 FreeRTOS_Source\tasks.o
 .bss.uxMissedTicks
                0x20000178        0x4 FreeRTOS_Source\tasks.o
 .bss.xMissedYield
                0x2000017c        0x4 FreeRTOS_Source\tasks.o
 .bss.xNumOfOverflows
                0x20000180        0x4 FreeRTOS_Source\tasks.o
 .bss.uxTaskNumber
                0x20000184        0x4 FreeRTOS_Source\tasks.o
 .bss.xHeap     0x20000188     0x1c00 FreeRTOS_Source\portable\MemMang\heap_1.o
 .bss.xNextFreeByte
                0x20001d88        0x4 FreeRTOS_Source\portable\MemMang\heap_1.o
 *(COMMON)
                0x20001d8c                . = ALIGN (0x4)
                0x20001d8c                _ebss = .
                0x20001d8c                __bss_end__ = _ebss

._user_heap_stack
                0x20001d8c       0x80 load address 0x0800303c
                0x20001d8c                . = ALIGN (0x4)
                0x20001d8c                PROVIDE (end, .)
                0x20001d8c                PROVIDE (_end, .)
                0x20001d8c                . = (. + _Min_Heap_Size)
                0x20001e0c                . = (. + _Min_Stack_Size)
 *fill*         0x20001d8c       0x80 
                0x20001e0c                . = ALIGN (0x4)

.memory_b1_text
 *(.mb1text)
 *(.mb1text*)
 *(.mb1rodata)
 *(.mb1rodata*)

/DISCARD/
 libc.a(*)
 libm.a(*)
 libgcc.a(*)

.ARM.attributes
                0x00000000       0x29
 *(.ARM.attributes)
 .ARM.attributes
                0x00000000       0x1d c:/program files (x86)/atollic/truestudio for arm lite 5.2.2/armtools/bin/../lib/gcc/arm-atollic-eabi/4.8.3/armv7-m/crti.o
 .ARM.attributes
                0x0000001d       0x2d c:/program files (x86)/atollic/truestudio for arm lite 5.2.2/armtools/bin/../lib/gcc/arm-atollic-eabi/4.8.3/armv7-m/crtbegin.o
 .ARM.attributes
                0x0000004a       0x33 src\system_stm32f10x.o
 .ARM.attributes
                0x0000007d       0x33 src\stm32f10x_it.o
 .ARM.attributes
                0x000000b0       0x21 src\startup_stm32f10x_md_vl.o
 .ARM.attributes
                0x000000d1       0x33 src\main.o
 .ARM.attributes
                0x00000104       0x33 Utilities\STM32_EVAL\STM32_Discovery\STM32vldiscovery.o
 .ARM.attributes
                0x00000137       0x33 Libraries\STM32F10x_StdPeriph_Driver\src\stm32f10x_usart.o
 .ARM.attributes
                0x0000016a       0x33 Libraries\STM32F10x_StdPeriph_Driver\src\stm32f10x_rcc.o
 .ARM.attributes
                0x0000019d       0x33 Libraries\STM32F10x_StdPeriph_Driver\src\stm32f10x_gpio.o
 .ARM.attributes
                0x000001d0       0x33 Libraries\STM32F10x_StdPeriph_Driver\src\stm32f10x_exti.o
 .ARM.attributes
                0x00000203       0x33 Libraries\STM32F10x_StdPeriph_Driver\src\misc.o
 .ARM.attributes
                0x00000236       0x33 FreeRTOS_Source\timers.o
 .ARM.attributes
                0x00000269       0x33 FreeRTOS_Source\tasks.o
 .ARM.attributes
                0x0000029c       0x33 FreeRTOS_Source\queue.o
 .ARM.attributes
                0x000002cf       0x33 FreeRTOS_Source\portable\MemMang\heap_1.o
 .ARM.attributes
                0x00000302       0x33 FreeRTOS_Source\portable\GCC\ARM_CM3\port.o
 .ARM.attributes
                0x00000335       0x33 FreeRTOS_Source\list.o
 .ARM.attributes
                0x00000368       0x2d c:/program files (x86)/atollic/truestudio for arm lite 5.2.2/armtools/bin/../lib/gcc/arm-atollic-eabi/4.8.3/../../../../arm-atollic-eabi/lib/armv7-m\libc.a(lib_a-init.o)
 .ARM.attributes
                0x00000395       0x2d c:/program files (x86)/atollic/truestudio for arm lite 5.2.2/armtools/bin/../lib/gcc/arm-atollic-eabi/4.8.3/../../../../arm-atollic-eabi/lib/armv7-m\libc.a(lib_a-memcmp.o)
 .ARM.attributes
                0x000003c2       0x2d c:/program files (x86)/atollic/truestudio for arm lite 5.2.2/armtools/bin/../lib/gcc/arm-atollic-eabi/4.8.3/../../../../arm-atollic-eabi/lib/armv7-m\libc.a(lib_a-memcpy-stub.o)
 .ARM.attributes
                0x000003ef       0x2d c:/program files (x86)/atollic/truestudio for arm lite 5.2.2/armtools/bin/../lib/gcc/arm-atollic-eabi/4.8.3/../../../../arm-atollic-eabi/lib/armv7-m\libc.a(lib_a-memset.o)
 .ARM.attributes
                0x0000041c       0x2d c:/program files (x86)/atollic/truestudio for arm lite 5.2.2/armtools/bin/../lib/gcc/arm-atollic-eabi/4.8.3/../../../../arm-atollic-eabi/lib/armv7-m\libc.a(lib_a-strncpy.o)
 .ARM.attributes
                0x00000449       0x1d c:/program files (x86)/atollic/truestudio for arm lite 5.2.2/armtools/bin/../lib/gcc/arm-atollic-eabi/4.8.3/armv7-m/crtn.o
OUTPUT(STM32VL_Discovery_FreeRTOS_Simple_Demo.elf elf32-littlearm)

.debug_info     0x00000000     0x5bc9
 .debug_info    0x00000000      0x41e src\system_stm32f10x.o
 .debug_info    0x0000041e      0x100 src\stm32f10x_it.o
 .debug_info    0x0000051e       0xa1 src\startup_stm32f10x_md_vl.o
 .debug_info    0x000005bf      0xa82 src\main.o
 .debug_info    0x00001041      0x6cc Utilities\STM32_EVAL\STM32_Discovery\STM32vldiscovery.o
 .debug_info    0x0000170d      0x9ec Libraries\STM32F10x_StdPeriph_Driver\src\stm32f10x_usart.o
 .debug_info    0x000020f9      0x8fe Libraries\STM32F10x_StdPeriph_Driver\src\stm32f10x_rcc.o
 .debug_info    0x000029f7      0x6eb Libraries\STM32F10x_StdPeriph_Driver\src\stm32f10x_gpio.o
 .debug_info    0x000030e2      0x345 Libraries\STM32F10x_StdPeriph_Driver\src\stm32f10x_exti.o
 .debug_info    0x00003427      0x541 Libraries\STM32F10x_StdPeriph_Driver\src\misc.o
 .debug_info    0x00003968      0x6e4 FreeRTOS_Source\timers.o
 .debug_info    0x0000404c      0xd71 FreeRTOS_Source\tasks.o
 .debug_info    0x00004dbd      0x85a FreeRTOS_Source\queue.o
 .debug_info    0x00005617      0x17a FreeRTOS_Source\portable\MemMang\heap_1.o
 .debug_info    0x00005791      0x1b5 FreeRTOS_Source\portable\GCC\ARM_CM3\port.o
 .debug_info    0x00005946      0x283 FreeRTOS_Source\list.o

.debug_abbrev   0x00000000     0x14d4
 .debug_abbrev  0x00000000      0x14e src\system_stm32f10x.o
 .debug_abbrev  0x0000014e       0x67 src\stm32f10x_it.o
 .debug_abbrev  0x000001b5       0x12 src\startup_stm32f10x_md_vl.o
 .debug_abbrev  0x000001c7      0x223 src\main.o
 .debug_abbrev  0x000003ea      0x185 Utilities\STM32_EVAL\STM32_Discovery\STM32vldiscovery.o
 .debug_abbrev  0x0000056f      0x164 Libraries\STM32F10x_StdPeriph_Driver\src\stm32f10x_usart.o
 .debug_abbrev  0x000006d3      0x1bc Libraries\STM32F10x_StdPeriph_Driver\src\stm32f10x_rcc.o
 .debug_abbrev  0x0000088f      0x1ca Libraries\STM32F10x_StdPeriph_Driver\src\stm32f10x_gpio.o
 .debug_abbrev  0x00000a59      0x153 Libraries\STM32F10x_StdPeriph_Driver\src\stm32f10x_exti.o
 .debug_abbrev  0x00000bac      0x147 Libraries\STM32F10x_StdPeriph_Driver\src\misc.o
 .debug_abbrev  0x00000cf3      0x175 FreeRTOS_Source\timers.o
 .debug_abbrev  0x00000e68      0x1e0 FreeRTOS_Source\tasks.o
 .debug_abbrev  0x00001048      0x17e FreeRTOS_Source\queue.o
 .debug_abbrev  0x000011c6      0x122 FreeRTOS_Source\portable\MemMang\heap_1.o
 .debug_abbrev  0x000012e8      0x130 FreeRTOS_Source\portable\GCC\ARM_CM3\port.o
 .debug_abbrev  0x00001418       0xbc FreeRTOS_Source\list.o

.debug_aranges  0x00000000      0x848
 .debug_aranges
                0x00000000       0x38 src\system_stm32f10x.o
 .debug_aranges
                0x00000038       0x48 src\stm32f10x_it.o
 .debug_aranges
                0x00000080       0x28 src\startup_stm32f10x_md_vl.o
 .debug_aranges
                0x000000a8       0x98 src\main.o
 .debug_aranges
                0x00000140       0x48 Utilities\STM32_EVAL\STM32_Discovery\STM32vldiscovery.o
 .debug_aranges
                0x00000188      0x100 Libraries\STM32F10x_StdPeriph_Driver\src\stm32f10x_usart.o
 .debug_aranges
                0x00000288      0x120 Libraries\STM32F10x_StdPeriph_Driver\src\stm32f10x_rcc.o
 .debug_aranges
                0x000003a8       0xa8 Libraries\STM32F10x_StdPeriph_Driver\src\stm32f10x_gpio.o
 .debug_aranges
                0x00000450       0x58 Libraries\STM32F10x_StdPeriph_Driver\src\stm32f10x_exti.o
 .debug_aranges
                0x000004a8       0x40 Libraries\STM32F10x_StdPeriph_Driver\src\misc.o
 .debug_aranges
                0x000004e8       0x88 FreeRTOS_Source\timers.o
 .debug_aranges
                0x00000570      0x138 FreeRTOS_Source\tasks.o
 .debug_aranges
                0x000006a8       0xb8 FreeRTOS_Source\queue.o
 .debug_aranges
                0x00000760       0x38 FreeRTOS_Source\portable\MemMang\heap_1.o
 .debug_aranges
                0x00000798       0x70 FreeRTOS_Source\portable\GCC\ARM_CM3\port.o
 .debug_aranges
                0x00000808       0x40 FreeRTOS_Source\list.o

.debug_ranges   0x00000000      0x750
 .debug_ranges  0x00000000       0x28 src\system_stm32f10x.o
 .debug_ranges  0x00000028       0x38 src\stm32f10x_it.o
 .debug_ranges  0x00000060       0x20 src\startup_stm32f10x_md_vl.o
 .debug_ranges  0x00000080       0x88 src\main.o
 .debug_ranges  0x00000108       0x38 Utilities\STM32_EVAL\STM32_Discovery\STM32vldiscovery.o
 .debug_ranges  0x00000140       0xf0 Libraries\STM32F10x_StdPeriph_Driver\src\stm32f10x_usart.o
 .debug_ranges  0x00000230      0x110 Libraries\STM32F10x_StdPeriph_Driver\src\stm32f10x_rcc.o
 .debug_ranges  0x00000340       0x98 Libraries\STM32F10x_StdPeriph_Driver\src\stm32f10x_gpio.o
 .debug_ranges  0x000003d8       0x48 Libraries\STM32F10x_StdPeriph_Driver\src\stm32f10x_exti.o
 .debug_ranges  0x00000420       0x30 Libraries\STM32F10x_StdPeriph_Driver\src\misc.o
 .debug_ranges  0x00000450       0x78 FreeRTOS_Source\timers.o
 .debug_ranges  0x000004c8      0x128 FreeRTOS_Source\tasks.o
 .debug_ranges  0x000005f0       0xa8 FreeRTOS_Source\queue.o
 .debug_ranges  0x00000698       0x28 FreeRTOS_Source\portable\MemMang\heap_1.o
 .debug_ranges  0x000006c0       0x60 FreeRTOS_Source\portable\GCC\ARM_CM3\port.o
 .debug_ranges  0x00000720       0x30 FreeRTOS_Source\list.o

.debug_line     0x00000000     0x2fd0
 .debug_line    0x00000000      0x227 src\system_stm32f10x.o
 .debug_line    0x00000227      0x1b9 src\stm32f10x_it.o
 .debug_line    0x000003e0       0x7d src\startup_stm32f10x_md_vl.o
 .debug_line    0x0000045d      0x505 src\main.o
 .debug_line    0x00000962      0x29b Utilities\STM32_EVAL\STM32_Discovery\STM32vldiscovery.o
 .debug_line    0x00000bfd      0x497 Libraries\STM32F10x_StdPeriph_Driver\src\stm32f10x_usart.o
 .debug_line    0x00001094      0x4d2 Libraries\STM32F10x_StdPeriph_Driver\src\stm32f10x_rcc.o
 .debug_line    0x00001566      0x3ac Libraries\STM32F10x_StdPeriph_Driver\src\stm32f10x_gpio.o
 .debug_line    0x00001912      0x2a2 Libraries\STM32F10x_StdPeriph_Driver\src\stm32f10x_exti.o
 .debug_line    0x00001bb4      0x242 Libraries\STM32F10x_StdPeriph_Driver\src\misc.o
 .debug_line    0x00001df6      0x27f FreeRTOS_Source\timers.o
 .debug_line    0x00002075      0x719 FreeRTOS_Source\tasks.o
 .debug_line    0x0000278e      0x4a6 FreeRTOS_Source\queue.o
 .debug_line    0x00002c34      0x121 FreeRTOS_Source\portable\MemMang\heap_1.o
 .debug_line    0x00002d55      0x161 FreeRTOS_Source\portable\GCC\ARM_CM3\port.o
 .debug_line    0x00002eb6      0x11a FreeRTOS_Source\list.o

.debug_str      0x00000000     0x2a84
 .debug_str     0x00000000      0x2c6 src\system_stm32f10x.o
                                0x330 (size before relaxing)
 .debug_str     0x000002c6       0x7b src\stm32f10x_it.o
                                0x21a (size before relaxing)
 .debug_str     0x00000341      0x83a src\main.o
                                0xab5 (size before relaxing)
 .debug_str     0x00000b7b      0x1c1 Utilities\STM32_EVAL\STM32_Discovery\STM32vldiscovery.o
                                0x8fe (size before relaxing)
 .debug_str     0x00000d3c      0x421 Libraries\STM32F10x_StdPeriph_Driver\src\stm32f10x_usart.o
                                0x70a (size before relaxing)
 .debug_str     0x0000115d      0x3b5 Libraries\STM32F10x_StdPeriph_Driver\src\stm32f10x_rcc.o
                                0x6e7 (size before relaxing)
 .debug_str     0x00001512      0x25a Libraries\STM32F10x_StdPeriph_Driver\src\stm32f10x_gpio.o
                                0x593 (size before relaxing)
 .debug_str     0x0000176c      0x100 Libraries\STM32F10x_StdPeriph_Driver\src\stm32f10x_exti.o
                                0x3c3 (size before relaxing)
 .debug_str     0x0000186c      0x154 Libraries\STM32F10x_StdPeriph_Driver\src\misc.o
                                0x438 (size before relaxing)
 .debug_str     0x000019c0      0x3f8 FreeRTOS_Source\timers.o
                                0x59d (size before relaxing)
 .debug_str     0x00001db8      0x6f9 FreeRTOS_Source\tasks.o
                                0x985 (size before relaxing)
 .debug_str     0x000024b1      0x342 FreeRTOS_Source\queue.o
                                0x618 (size before relaxing)
 .debug_str     0x000027f3       0xb8 FreeRTOS_Source\portable\MemMang\heap_1.o
                                0x261 (size before relaxing)
 .debug_str     0x000028ab      0x12c FreeRTOS_Source\portable\GCC\ARM_CM3\port.o
                                0x2a2 (size before relaxing)
 .debug_str     0x000029d7       0xad FreeRTOS_Source\list.o
                                0x2d0 (size before relaxing)

.comment        0x00000000       0x83
 .comment       0x00000000       0x83 src\system_stm32f10x.o
                                 0x84 (size before relaxing)
 .comment       0x00000000       0x84 src\stm32f10x_it.o
 .comment       0x00000000       0x84 src\main.o
 .comment       0x00000000       0x84 Utilities\STM32_EVAL\STM32_Discovery\STM32vldiscovery.o
 .comment       0x00000000       0x84 Libraries\STM32F10x_StdPeriph_Driver\src\stm32f10x_usart.o
 .comment       0x00000000       0x84 Libraries\STM32F10x_StdPeriph_Driver\src\stm32f10x_rcc.o
 .comment       0x00000000       0x84 Libraries\STM32F10x_StdPeriph_Driver\src\stm32f10x_gpio.o
 .comment       0x00000000       0x84 Libraries\STM32F10x_StdPeriph_Driver\src\stm32f10x_exti.o
 .comment       0x00000000       0x84 Libraries\STM32F10x_StdPeriph_Driver\src\misc.o
 .comment       0x00000000       0x84 FreeRTOS_Source\timers.o
 .comment       0x00000000       0x84 FreeRTOS_Source\tasks.o
 .comment       0x00000000       0x84 FreeRTOS_Source\queue.o
 .comment       0x00000000       0x84 FreeRTOS_Source\portable\MemMang\heap_1.o
 .comment       0x00000000       0x84 FreeRTOS_Source\portable\GCC\ARM_CM3\port.o
 .comment       0x00000000       0x84 FreeRTOS_Source\list.o

.debug_frame    0x00000000     0x19ec
 .debug_frame   0x00000000       0x80 src\system_stm32f10x.o
 .debug_frame   0x00000080       0xa0 src\stm32f10x_it.o
 .debug_frame   0x00000120      0x1f8 src\main.o
 .debug_frame   0x00000318       0xc4 Utilities\STM32_EVAL\STM32_Discovery\STM32vldiscovery.o
 .debug_frame   0x000003dc      0x344 Libraries\STM32F10x_StdPeriph_Driver\src\stm32f10x_usart.o
 .debug_frame   0x00000720      0x3a4 Libraries\STM32F10x_StdPeriph_Driver\src\stm32f10x_rcc.o
 .debug_frame   0x00000ac4      0x210 Libraries\STM32F10x_StdPeriph_Driver\src\stm32f10x_gpio.o
 .debug_frame   0x00000cd4       0xec Libraries\STM32F10x_StdPeriph_Driver\src\stm32f10x_exti.o
 .debug_frame   0x00000dc0       0x9c Libraries\STM32F10x_StdPeriph_Driver\src\misc.o
 .debug_frame   0x00000e5c      0x1c4 FreeRTOS_Source\timers.o
 .debug_frame   0x00001020      0x460 FreeRTOS_Source\tasks.o
 .debug_frame   0x00001480      0x27c FreeRTOS_Source\queue.o
 .debug_frame   0x000016fc       0x7c FreeRTOS_Source\portable\MemMang\heap_1.o
 .debug_frame   0x00001778      0x110 FreeRTOS_Source\portable\GCC\ARM_CM3\port.o
 .debug_frame   0x00001888       0x9c FreeRTOS_Source\list.o
 .debug_frame   0x00001924       0x2c c:/program files (x86)/atollic/truestudio for arm lite 5.2.2/armtools/bin/../lib/gcc/arm-atollic-eabi/4.8.3/../../../../arm-atollic-eabi/lib/armv7-m\libc.a(lib_a-init.o)
 .debug_frame   0x00001950       0x2c c:/program files (x86)/atollic/truestudio for arm lite 5.2.2/armtools/bin/../lib/gcc/arm-atollic-eabi/4.8.3/../../../../arm-atollic-eabi/lib/armv7-m\libc.a(lib_a-memcmp.o)
 .debug_frame   0x0000197c       0x28 c:/program files (x86)/atollic/truestudio for arm lite 5.2.2/armtools/bin/../lib/gcc/arm-atollic-eabi/4.8.3/../../../../arm-atollic-eabi/lib/armv7-m\libc.a(lib_a-memcpy-stub.o)
 .debug_frame   0x000019a4       0x20 c:/program files (x86)/atollic/truestudio for arm lite 5.2.2/armtools/bin/../lib/gcc/arm-atollic-eabi/4.8.3/../../../../arm-atollic-eabi/lib/armv7-m\libc.a(lib_a-memset.o)
 .debug_frame   0x000019c4       0x28 c:/program files (x86)/atollic/truestudio for arm lite 5.2.2/armtools/bin/../lib/gcc/arm-atollic-eabi/4.8.3/../../../../arm-atollic-eabi/lib/armv7-m\libc.a(lib_a-strncpy.o)

Cross Reference Table

Symbol                                            File
ADC1_IRQHandler                                   src\startup_stm32f10x_md_vl.o
ADC_AnalogWatchdogCmd                             Libraries\STM32F10x_StdPeriph_Driver\src\stm32f10x_adc.o
ADC_AnalogWatchdogSingleChannelConfig             Libraries\STM32F10x_StdPeriph_Driver\src\stm32f10x_adc.o
ADC_AnalogWatchdogThresholdsConfig                Libraries\STM32F10x_StdPeriph_Driver\src\stm32f10x_adc.o
ADC_AutoInjectedConvCmd                           Libraries\STM32F10x_StdPeriph_Driver\src\stm32f10x_adc.o
ADC_ClearFlag                                     Libraries\STM32F10x_StdPeriph_Driver\src\stm32f10x_adc.o
ADC_ClearITPendingBit                             Libraries\STM32F10x_StdPeriph_Driver\src\stm32f10x_adc.o
ADC_Cmd                                           Libraries\STM32F10x_StdPeriph_Driver\src\stm32f10x_adc.o
ADC_DMACmd                                        Libraries\STM32F10x_StdPeriph_Driver\src\stm32f10x_adc.o
ADC_DeInit                                        Libraries\STM32F10x_StdPeriph_Driver\src\stm32f10x_adc.o
ADC_DiscModeChannelCountConfig                    Libraries\STM32F10x_StdPeriph_Driver\src\stm32f10x_adc.o
ADC_DiscModeCmd                                   Libraries\STM32F10x_StdPeriph_Driver\src\stm32f10x_adc.o
ADC_ExternalTrigConvCmd                           Libraries\STM32F10x_StdPeriph_Driver\src\stm32f10x_adc.o
ADC_ExternalTrigInjectedConvCmd                   Libraries\STM32F10x_StdPeriph_Driver\src\stm32f10x_adc.o
ADC_ExternalTrigInjectedConvConfig                Libraries\STM32F10x_StdPeriph_Driver\src\stm32f10x_adc.o
ADC_GetCalibrationStatus                          Libraries\STM32F10x_StdPeriph_Driver\src\stm32f10x_adc.o
ADC_GetConversionValue                            Libraries\STM32F10x_StdPeriph_Driver\src\stm32f10x_adc.o
ADC_GetDualModeConversionValue                    Libraries\STM32F10x_StdPeriph_Driver\src\stm32f10x_adc.o
ADC_GetFlagStatus                                 Libraries\STM32F10x_StdPeriph_Driver\src\stm32f10x_adc.o
ADC_GetITStatus                                   Libraries\STM32F10x_StdPeriph_Driver\src\stm32f10x_adc.o
ADC_GetInjectedConversionValue                    Libraries\STM32F10x_StdPeriph_Driver\src\stm32f10x_adc.o
ADC_GetResetCalibrationStatus                     Libraries\STM32F10x_StdPeriph_Driver\src\stm32f10x_adc.o
ADC_GetSoftwareStartConvStatus                    Libraries\STM32F10x_StdPeriph_Driver\src\stm32f10x_adc.o
ADC_GetSoftwareStartInjectedConvCmdStatus         Libraries\STM32F10x_StdPeriph_Driver\src\stm32f10x_adc.o
ADC_ITConfig                                      Libraries\STM32F10x_StdPeriph_Driver\src\stm32f10x_adc.o
ADC_Init                                          Libraries\STM32F10x_StdPeriph_Driver\src\stm32f10x_adc.o
ADC_InjectedChannelConfig                         Libraries\STM32F10x_StdPeriph_Driver\src\stm32f10x_adc.o
ADC_InjectedDiscModeCmd                           Libraries\STM32F10x_StdPeriph_Driver\src\stm32f10x_adc.o
ADC_InjectedSequencerLengthConfig                 Libraries\STM32F10x_StdPeriph_Driver\src\stm32f10x_adc.o
ADC_RegularChannelConfig                          Libraries\STM32F10x_StdPeriph_Driver\src\stm32f10x_adc.o
ADC_ResetCalibration                              Libraries\STM32F10x_StdPeriph_Driver\src\stm32f10x_adc.o
ADC_SetInjectedOffset                             Libraries\STM32F10x_StdPeriph_Driver\src\stm32f10x_adc.o
ADC_SoftwareStartConvCmd                          Libraries\STM32F10x_StdPeriph_Driver\src\stm32f10x_adc.o
ADC_SoftwareStartInjectedConvCmd                  Libraries\STM32F10x_StdPeriph_Driver\src\stm32f10x_adc.o
ADC_StartCalibration                              Libraries\STM32F10x_StdPeriph_Driver\src\stm32f10x_adc.o
ADC_StructInit                                    Libraries\STM32F10x_StdPeriph_Driver\src\stm32f10x_adc.o
ADC_TempSensorVrefintCmd                          Libraries\STM32F10x_StdPeriph_Driver\src\stm32f10x_adc.o
AHBPrescTable                                     src\system_stm32f10x.o
BKP_ClearFlag                                     Libraries\STM32F10x_StdPeriph_Driver\src\stm32f10x_bkp.o
BKP_ClearITPendingBit                             Libraries\STM32F10x_StdPeriph_Driver\src\stm32f10x_bkp.o
BKP_DeInit                                        Libraries\STM32F10x_StdPeriph_Driver\src\stm32f10x_bkp.o
BKP_GetFlagStatus                                 Libraries\STM32F10x_StdPeriph_Driver\src\stm32f10x_bkp.o
BKP_GetITStatus                                   Libraries\STM32F10x_StdPeriph_Driver\src\stm32f10x_bkp.o
BKP_ITConfig                                      Libraries\STM32F10x_StdPeriph_Driver\src\stm32f10x_bkp.o
BKP_RTCOutputConfig                               Libraries\STM32F10x_StdPeriph_Driver\src\stm32f10x_bkp.o
BKP_ReadBackupRegister                            Libraries\STM32F10x_StdPeriph_Driver\src\stm32f10x_bkp.o
BKP_SetRTCCalibrationValue                        Libraries\STM32F10x_StdPeriph_Driver\src\stm32f10x_bkp.o
BKP_TamperPinCmd                                  Libraries\STM32F10x_StdPeriph_Driver\src\stm32f10x_bkp.o
BKP_TamperPinLevelConfig                          Libraries\STM32F10x_StdPeriph_Driver\src\stm32f10x_bkp.o
BKP_WriteBackupRegister                           Libraries\STM32F10x_StdPeriph_Driver\src\stm32f10x_bkp.o
BUTTON_CLK                                        Utilities\STM32_EVAL\STM32_Discovery\STM32vldiscovery.o
BUTTON_EXTI_LINE                                  Utilities\STM32_EVAL\STM32_Discovery\STM32vldiscovery.o
BUTTON_IRQn                                       Utilities\STM32_EVAL\STM32_Discovery\STM32vldiscovery.o
BUTTON_PIN                                        Utilities\STM32_EVAL\STM32_Discovery\STM32vldiscovery.o
BUTTON_PIN_SOURCE                                 Utilities\STM32_EVAL\STM32_Discovery\STM32vldiscovery.o
BUTTON_PORT                                       Utilities\STM32_EVAL\STM32_Discovery\STM32vldiscovery.o
BUTTON_PORT_SOURCE                                Utilities\STM32_EVAL\STM32_Discovery\STM32vldiscovery.o
BusFault_Handler                                  src\stm32f10x_it.o
CAN_CancelTransmit                                Libraries\STM32F10x_StdPeriph_Driver\src\stm32f10x_can.o
CAN_ClearFlag                                     Libraries\STM32F10x_StdPeriph_Driver\src\stm32f10x_can.o
CAN_ClearITPendingBit                             Libraries\STM32F10x_StdPeriph_Driver\src\stm32f10x_can.o
CAN_DBGFreeze                                     Libraries\STM32F10x_StdPeriph_Driver\src\stm32f10x_can.o
CAN_DeInit                                        Libraries\STM32F10x_StdPeriph_Driver\src\stm32f10x_can.o
CAN_FIFORelease                                   Libraries\STM32F10x_StdPeriph_Driver\src\stm32f10x_can.o
CAN_FilterInit                                    Libraries\STM32F10x_StdPeriph_Driver\src\stm32f10x_can.o
CAN_GetFlagStatus                                 Libraries\STM32F10x_StdPeriph_Driver\src\stm32f10x_can.o
CAN_GetITStatus                                   Libraries\STM32F10x_StdPeriph_Driver\src\stm32f10x_can.o
CAN_GetLSBTransmitErrorCounter                    Libraries\STM32F10x_StdPeriph_Driver\src\stm32f10x_can.o
CAN_GetLastErrorCode                              Libraries\STM32F10x_StdPeriph_Driver\src\stm32f10x_can.o
CAN_GetReceiveErrorCounter                        Libraries\STM32F10x_StdPeriph_Driver\src\stm32f10x_can.o
CAN_ITConfig                                      Libraries\STM32F10x_StdPeriph_Driver\src\stm32f10x_can.o
CAN_Init                                          Libraries\STM32F10x_StdPeriph_Driver\src\stm32f10x_can.o
CAN_MessagePending                                Libraries\STM32F10x_StdPeriph_Driver\src\stm32f10x_can.o
CAN_OperatingModeRequest                          Libraries\STM32F10x_StdPeriph_Driver\src\stm32f10x_can.o
CAN_Receive                                       Libraries\STM32F10x_StdPeriph_Driver\src\stm32f10x_can.o
CAN_SlaveStartBank                                Libraries\STM32F10x_StdPeriph_Driver\src\stm32f10x_can.o
CAN_Sleep                                         Libraries\STM32F10x_StdPeriph_Driver\src\stm32f10x_can.o
CAN_StructInit                                    Libraries\STM32F10x_StdPeriph_Driver\src\stm32f10x_can.o
CAN_TTComModeCmd                                  Libraries\STM32F10x_StdPeriph_Driver\src\stm32f10x_can.o
CAN_Transmit                                      Libraries\STM32F10x_StdPeriph_Driver\src\stm32f10x_can.o
CAN_TransmitStatus                                Libraries\STM32F10x_StdPeriph_Driver\src\stm32f10x_can.o
CAN_WakeUp                                        Libraries\STM32F10x_StdPeriph_Driver\src\stm32f10x_can.o
CEC_ClearFlag                                     Libraries\STM32F10x_StdPeriph_Driver\src\stm32f10x_cec.o
CEC_ClearITPendingBit                             Libraries\STM32F10x_StdPeriph_Driver\src\stm32f10x_cec.o
CEC_Cmd                                           Libraries\STM32F10x_StdPeriph_Driver\src\stm32f10x_cec.o
CEC_DeInit                                        Libraries\STM32F10x_StdPeriph_Driver\src\stm32f10x_cec.o
CEC_EndOfMessageCmd                               Libraries\STM32F10x_StdPeriph_Driver\src\stm32f10x_cec.o
CEC_GetFlagStatus                                 Libraries\STM32F10x_StdPeriph_Driver\src\stm32f10x_cec.o
CEC_GetITStatus                                   Libraries\STM32F10x_StdPeriph_Driver\src\stm32f10x_cec.o
CEC_IRQHandler                                    src\startup_stm32f10x_md_vl.o
CEC_ITConfig                                      Libraries\STM32F10x_StdPeriph_Driver\src\stm32f10x_cec.o
CEC_Init                                          Libraries\STM32F10x_StdPeriph_Driver\src\stm32f10x_cec.o
CEC_OwnAddressConfig                              Libraries\STM32F10x_StdPeriph_Driver\src\stm32f10x_cec.o
CEC_ReceiveDataByte                               Libraries\STM32F10x_StdPeriph_Driver\src\stm32f10x_cec.o
CEC_SendDataByte                                  Libraries\STM32F10x_StdPeriph_Driver\src\stm32f10x_cec.o
CEC_SetPrescaler                                  Libraries\STM32F10x_StdPeriph_Driver\src\stm32f10x_cec.o
CEC_StartOfMessage                                Libraries\STM32F10x_StdPeriph_Driver\src\stm32f10x_cec.o
CRC_CalcBlockCRC                                  Libraries\STM32F10x_StdPeriph_Driver\src\stm32f10x_crc.o
CRC_CalcCRC                                       Libraries\STM32F10x_StdPeriph_Driver\src\stm32f10x_crc.o
CRC_GetCRC                                        Libraries\STM32F10x_StdPeriph_Driver\src\stm32f10x_crc.o
CRC_GetIDRegister                                 Libraries\STM32F10x_StdPeriph_Driver\src\stm32f10x_crc.o
CRC_ResetDR                                       Libraries\STM32F10x_StdPeriph_Driver\src\stm32f10x_crc.o
CRC_SetIDRegister                                 Libraries\STM32F10x_StdPeriph_Driver\src\stm32f10x_crc.o
DAC_ClearFlag                                     Libraries\STM32F10x_StdPeriph_Driver\src\stm32f10x_dac.o
DAC_ClearITPendingBit                             Libraries\STM32F10x_StdPeriph_Driver\src\stm32f10x_dac.o
DAC_Cmd                                           Libraries\STM32F10x_StdPeriph_Driver\src\stm32f10x_dac.o
DAC_DMACmd                                        Libraries\STM32F10x_StdPeriph_Driver\src\stm32f10x_dac.o
DAC_DeInit                                        Libraries\STM32F10x_StdPeriph_Driver\src\stm32f10x_dac.o
DAC_DualSoftwareTriggerCmd                        Libraries\STM32F10x_StdPeriph_Driver\src\stm32f10x_dac.o
DAC_GetDataOutputValue                            Libraries\STM32F10x_StdPeriph_Driver\src\stm32f10x_dac.o
DAC_GetFlagStatus                                 Libraries\STM32F10x_StdPeriph_Driver\src\stm32f10x_dac.o
DAC_GetITStatus                                   Libraries\STM32F10x_StdPeriph_Driver\src\stm32f10x_dac.o
DAC_ITConfig                                      Libraries\STM32F10x_StdPeriph_Driver\src\stm32f10x_dac.o
DAC_Init                                          Libraries\STM32F10x_StdPeriph_Driver\src\stm32f10x_dac.o
DAC_SetChannel1Data                               Libraries\STM32F10x_StdPeriph_Driver\src\stm32f10x_dac.o
DAC_SetChannel2Data                               Libraries\STM32F10x_StdPeriph_Driver\src\stm32f10x_dac.o
DAC_SetDualChannelData                            Libraries\STM32F10x_StdPeriph_Driver\src\stm32f10x_dac.o
DAC_SoftwareTriggerCmd                            Libraries\STM32F10x_StdPeriph_Driver\src\stm32f10x_dac.o
DAC_StructInit                                    Libraries\STM32F10x_StdPeriph_Driver\src\stm32f10x_dac.o
DAC_WaveGenerationCmd                             Libraries\STM32F10x_StdPeriph_Driver\src\stm32f10x_dac.o
DBGMCU_Config                                     Libraries\STM32F10x_StdPeriph_Driver\src\stm32f10x_dbgmcu.o
DBGMCU_GetDEVID                                   Libraries\STM32F10x_StdPeriph_Driver\src\stm32f10x_dbgmcu.o
DBGMCU_GetREVID                                   Libraries\STM32F10x_StdPeriph_Driver\src\stm32f10x_dbgmcu.o
DMA1_Channel1_IRQHandler                          src\startup_stm32f10x_md_vl.o
DMA1_Channel2_IRQHandler                          src\startup_stm32f10x_md_vl.o
DMA1_Channel3_IRQHandler                          src\startup_stm32f10x_md_vl.o
DMA1_Channel4_IRQHandler                          src\startup_stm32f10x_md_vl.o
DMA1_Channel5_IRQHandler                          src\startup_stm32f10x_md_vl.o
DMA1_Channel6_IRQHandler                          src\startup_stm32f10x_md_vl.o
DMA1_Channel7_IRQHandler                          src\startup_stm32f10x_md_vl.o
DMA_ClearFlag                                     Libraries\STM32F10x_StdPeriph_Driver\src\stm32f10x_dma.o
DMA_ClearITPendingBit                             Libraries\STM32F10x_StdPeriph_Driver\src\stm32f10x_dma.o
DMA_Cmd                                           Libraries\STM32F10x_StdPeriph_Driver\src\stm32f10x_dma.o
DMA_DeInit                                        Libraries\STM32F10x_StdPeriph_Driver\src\stm32f10x_dma.o
DMA_GetCurrDataCounter                            Libraries\STM32F10x_StdPeriph_Driver\src\stm32f10x_dma.o
DMA_GetFlagStatus                                 Libraries\STM32F10x_StdPeriph_Driver\src\stm32f10x_dma.o
DMA_GetITStatus                                   Libraries\STM32F10x_StdPeriph_Driver\src\stm32f10x_dma.o
DMA_ITConfig                                      Libraries\STM32F10x_StdPeriph_Driver\src\stm32f10x_dma.o
DMA_Init                                          Libraries\STM32F10x_StdPeriph_Driver\src\stm32f10x_dma.o
DMA_SetCurrDataCounter                            Libraries\STM32F10x_StdPeriph_Driver\src\stm32f10x_dma.o
DMA_StructInit                                    Libraries\STM32F10x_StdPeriph_Driver\src\stm32f10x_dma.o
DebugMon_Handler                                  src\stm32f10x_it.o
Default_Handler                                   src\startup_stm32f10x_md_vl.o
EXTI0_IRQHandler                                  src\startup_stm32f10x_md_vl.o
EXTI15_10_IRQHandler                              src\startup_stm32f10x_md_vl.o
EXTI1_IRQHandler                                  src\main.o
                                                  src\startup_stm32f10x_md_vl.o
EXTI2_IRQHandler                                  src\main.o
                                                  src\startup_stm32f10x_md_vl.o
EXTI3_IRQHandler                                  src\startup_stm32f10x_md_vl.o
EXTI4_IRQHandler                                  src\startup_stm32f10x_md_vl.o
EXTI9_5_IRQHandler                                src\startup_stm32f10x_md_vl.o
EXTILine1_Config                                  src\main.o
EXTILine2_Config                                  src\main.o
EXTI_ClearFlag                                    Libraries\STM32F10x_StdPeriph_Driver\src\stm32f10x_exti.o
                                                  src\main.o
EXTI_ClearITPendingBit                            Libraries\STM32F10x_StdPeriph_Driver\src\stm32f10x_exti.o
                                                  src\main.o
EXTI_DeInit                                       Libraries\STM32F10x_StdPeriph_Driver\src\stm32f10x_exti.o
EXTI_GenerateSWInterrupt                          Libraries\STM32F10x_StdPeriph_Driver\src\stm32f10x_exti.o
EXTI_GetFlagStatus                                Libraries\STM32F10x_StdPeriph_Driver\src\stm32f10x_exti.o
EXTI_GetITStatus                                  Libraries\STM32F10x_StdPeriph_Driver\src\stm32f10x_exti.o
                                                  src\main.o
EXTI_Init                                         Libraries\STM32F10x_StdPeriph_Driver\src\stm32f10x_exti.o
                                                  Utilities\STM32_EVAL\STM32_Discovery\STM32vldiscovery.o
                                                  src\main.o
EXTI_InitStructure                                src\main.o
EXTI_StructInit                                   Libraries\STM32F10x_StdPeriph_Driver\src\stm32f10x_exti.o
FLASH_ClearFlag                                   Libraries\STM32F10x_StdPeriph_Driver\src\stm32f10x_flash.o
FLASH_EnableWriteProtection                       Libraries\STM32F10x_StdPeriph_Driver\src\stm32f10x_flash.o
FLASH_EraseAllBank1Pages                          Libraries\STM32F10x_StdPeriph_Driver\src\stm32f10x_flash.o
FLASH_EraseAllPages                               Libraries\STM32F10x_StdPeriph_Driver\src\stm32f10x_flash.o
FLASH_EraseOptionBytes                            Libraries\STM32F10x_StdPeriph_Driver\src\stm32f10x_flash.o
FLASH_ErasePage                                   Libraries\STM32F10x_StdPeriph_Driver\src\stm32f10x_flash.o
FLASH_GetBank1Status                              Libraries\STM32F10x_StdPeriph_Driver\src\stm32f10x_flash.o
FLASH_GetFlagStatus                               Libraries\STM32F10x_StdPeriph_Driver\src\stm32f10x_flash.o
FLASH_GetPrefetchBufferStatus                     Libraries\STM32F10x_StdPeriph_Driver\src\stm32f10x_flash.o
FLASH_GetReadOutProtectionStatus                  Libraries\STM32F10x_StdPeriph_Driver\src\stm32f10x_flash.o
FLASH_GetStatus                                   Libraries\STM32F10x_StdPeriph_Driver\src\stm32f10x_flash.o
FLASH_GetUserOptionByte                           Libraries\STM32F10x_StdPeriph_Driver\src\stm32f10x_flash.o
FLASH_GetWriteProtectionOptionByte                Libraries\STM32F10x_StdPeriph_Driver\src\stm32f10x_flash.o
FLASH_HalfCycleAccessCmd                          Libraries\STM32F10x_StdPeriph_Driver\src\stm32f10x_flash.o
FLASH_IRQHandler                                  src\startup_stm32f10x_md_vl.o
FLASH_ITConfig                                    Libraries\STM32F10x_StdPeriph_Driver\src\stm32f10x_flash.o
FLASH_Lock                                        Libraries\STM32F10x_StdPeriph_Driver\src\stm32f10x_flash.o
FLASH_LockBank1                                   Libraries\STM32F10x_StdPeriph_Driver\src\stm32f10x_flash.o
FLASH_PrefetchBufferCmd                           Libraries\STM32F10x_StdPeriph_Driver\src\stm32f10x_flash.o
FLASH_ProgramHalfWord                             Libraries\STM32F10x_StdPeriph_Driver\src\stm32f10x_flash.o
FLASH_ProgramOptionByteData                       Libraries\STM32F10x_StdPeriph_Driver\src\stm32f10x_flash.o
FLASH_ProgramWord                                 Libraries\STM32F10x_StdPeriph_Driver\src\stm32f10x_flash.o
FLASH_ReadOutProtection                           Libraries\STM32F10x_StdPeriph_Driver\src\stm32f10x_flash.o
FLASH_SetLatency                                  Libraries\STM32F10x_StdPeriph_Driver\src\stm32f10x_flash.o
FLASH_Unlock                                      Libraries\STM32F10x_StdPeriph_Driver\src\stm32f10x_flash.o
FLASH_UnlockBank1                                 Libraries\STM32F10x_StdPeriph_Driver\src\stm32f10x_flash.o
FLASH_UserOptionByteConfig                        Libraries\STM32F10x_StdPeriph_Driver\src\stm32f10x_flash.o
FLASH_WaitForLastBank1Operation                   Libraries\STM32F10x_StdPeriph_Driver\src\stm32f10x_flash.o
FLASH_WaitForLastOperation                        Libraries\STM32F10x_StdPeriph_Driver\src\stm32f10x_flash.o
FSMC_ClearFlag                                    Libraries\STM32F10x_StdPeriph_Driver\src\stm32f10x_fsmc.o
FSMC_ClearITPendingBit                            Libraries\STM32F10x_StdPeriph_Driver\src\stm32f10x_fsmc.o
FSMC_GetECC                                       Libraries\STM32F10x_StdPeriph_Driver\src\stm32f10x_fsmc.o
FSMC_GetFlagStatus                                Libraries\STM32F10x_StdPeriph_Driver\src\stm32f10x_fsmc.o
FSMC_GetITStatus                                  Libraries\STM32F10x_StdPeriph_Driver\src\stm32f10x_fsmc.o
FSMC_ITConfig                                     Libraries\STM32F10x_StdPeriph_Driver\src\stm32f10x_fsmc.o
FSMC_NANDCmd                                      Libraries\STM32F10x_StdPeriph_Driver\src\stm32f10x_fsmc.o
FSMC_NANDDeInit                                   Libraries\STM32F10x_StdPeriph_Driver\src\stm32f10x_fsmc.o
FSMC_NANDECCCmd                                   Libraries\STM32F10x_StdPeriph_Driver\src\stm32f10x_fsmc.o
FSMC_NANDInit                                     Libraries\STM32F10x_StdPeriph_Driver\src\stm32f10x_fsmc.o
FSMC_NANDStructInit                               Libraries\STM32F10x_StdPeriph_Driver\src\stm32f10x_fsmc.o
FSMC_NORSRAMCmd                                   Libraries\STM32F10x_StdPeriph_Driver\src\stm32f10x_fsmc.o
FSMC_NORSRAMDeInit                                Libraries\STM32F10x_StdPeriph_Driver\src\stm32f10x_fsmc.o
FSMC_NORSRAMInit                                  Libraries\STM32F10x_StdPeriph_Driver\src\stm32f10x_fsmc.o
FSMC_NORSRAMStructInit                            Libraries\STM32F10x_StdPeriph_Driver\src\stm32f10x_fsmc.o
FSMC_PCCARDCmd                                    Libraries\STM32F10x_StdPeriph_Driver\src\stm32f10x_fsmc.o
FSMC_PCCARDDeInit                                 Libraries\STM32F10x_StdPeriph_Driver\src\stm32f10x_fsmc.o
FSMC_PCCARDInit                                   Libraries\STM32F10x_StdPeriph_Driver\src\stm32f10x_fsmc.o
FSMC_PCCARDStructInit                             Libraries\STM32F10x_StdPeriph_Driver\src\stm32f10x_fsmc.o
GPIO_AFIODeInit                                   Libraries\STM32F10x_StdPeriph_Driver\src\stm32f10x_gpio.o
GPIO_Buttons                                      src\main.o
GPIO_CLK                                          Utilities\STM32_EVAL\STM32_Discovery\STM32vldiscovery.o
GPIO_DeInit                                       Libraries\STM32F10x_StdPeriph_Driver\src\stm32f10x_gpio.o
GPIO_ETH_MediaInterfaceConfig                     Libraries\STM32F10x_StdPeriph_Driver\src\stm32f10x_gpio.o
GPIO_EXTILineConfig                               Libraries\STM32F10x_StdPeriph_Driver\src\stm32f10x_gpio.o
                                                  Utilities\STM32_EVAL\STM32_Discovery\STM32vldiscovery.o
                                                  src\main.o
GPIO_EventOutputCmd                               Libraries\STM32F10x_StdPeriph_Driver\src\stm32f10x_gpio.o
GPIO_EventOutputConfig                            Libraries\STM32F10x_StdPeriph_Driver\src\stm32f10x_gpio.o
GPIO_Init                                         Libraries\STM32F10x_StdPeriph_Driver\src\stm32f10x_gpio.o
                                                  Utilities\STM32_EVAL\STM32_Discovery\STM32vldiscovery.o
                                                  src\main.o
GPIO_Leds                                         src\main.o
GPIO_PIN                                          Utilities\STM32_EVAL\STM32_Discovery\STM32vldiscovery.o
GPIO_PORT                                         Utilities\STM32_EVAL\STM32_Discovery\STM32vldiscovery.o
GPIO_PinLockConfig                                Libraries\STM32F10x_StdPeriph_Driver\src\stm32f10x_gpio.o
GPIO_PinRemapConfig                               Libraries\STM32F10x_StdPeriph_Driver\src\stm32f10x_gpio.o
GPIO_ReadInputData                                Libraries\STM32F10x_StdPeriph_Driver\src\stm32f10x_gpio.o
GPIO_ReadInputDataBit                             Libraries\STM32F10x_StdPeriph_Driver\src\stm32f10x_gpio.o
                                                  Utilities\STM32_EVAL\STM32_Discovery\STM32vldiscovery.o
GPIO_ReadOutputData                               Libraries\STM32F10x_StdPeriph_Driver\src\stm32f10x_gpio.o
GPIO_ReadOutputDataBit                            Libraries\STM32F10x_StdPeriph_Driver\src\stm32f10x_gpio.o
GPIO_ResetBits                                    Libraries\STM32F10x_StdPeriph_Driver\src\stm32f10x_gpio.o
GPIO_SetBits                                      Libraries\STM32F10x_StdPeriph_Driver\src\stm32f10x_gpio.o
GPIO_StructInit                                   Libraries\STM32F10x_StdPeriph_Driver\src\stm32f10x_gpio.o
                                                  src\main.o
GPIO_Write                                        Libraries\STM32F10x_StdPeriph_Driver\src\stm32f10x_gpio.o
GPIO_WriteBit                                     Libraries\STM32F10x_StdPeriph_Driver\src\stm32f10x_gpio.o
HardFault_Handler                                 src\stm32f10x_it.o
I2C1_ER_IRQHandler                                src\startup_stm32f10x_md_vl.o
I2C1_EV_IRQHandler                                src\startup_stm32f10x_md_vl.o
I2C2_ER_IRQHandler                                src\startup_stm32f10x_md_vl.o
I2C2_EV_IRQHandler                                src\startup_stm32f10x_md_vl.o
I2C_ARPCmd                                        Libraries\STM32F10x_StdPeriph_Driver\src\stm32f10x_i2c.o
I2C_AcknowledgeConfig                             Libraries\STM32F10x_StdPeriph_Driver\src\stm32f10x_i2c.o
I2C_CalculatePEC                                  Libraries\STM32F10x_StdPeriph_Driver\src\stm32f10x_i2c.o
I2C_CheckEvent                                    Libraries\STM32F10x_StdPeriph_Driver\src\stm32f10x_i2c.o
I2C_ClearFlag                                     Libraries\STM32F10x_StdPeriph_Driver\src\stm32f10x_i2c.o
I2C_ClearITPendingBit                             Libraries\STM32F10x_StdPeriph_Driver\src\stm32f10x_i2c.o
I2C_Cmd                                           Libraries\STM32F10x_StdPeriph_Driver\src\stm32f10x_i2c.o
I2C_DMACmd                                        Libraries\STM32F10x_StdPeriph_Driver\src\stm32f10x_i2c.o
I2C_DMALastTransferCmd                            Libraries\STM32F10x_StdPeriph_Driver\src\stm32f10x_i2c.o
I2C_DeInit                                        Libraries\STM32F10x_StdPeriph_Driver\src\stm32f10x_i2c.o
I2C_DualAddressCmd                                Libraries\STM32F10x_StdPeriph_Driver\src\stm32f10x_i2c.o
I2C_FastModeDutyCycleConfig                       Libraries\STM32F10x_StdPeriph_Driver\src\stm32f10x_i2c.o
I2C_GeneralCallCmd                                Libraries\STM32F10x_StdPeriph_Driver\src\stm32f10x_i2c.o
I2C_GenerateSTART                                 Libraries\STM32F10x_StdPeriph_Driver\src\stm32f10x_i2c.o
I2C_GenerateSTOP                                  Libraries\STM32F10x_StdPeriph_Driver\src\stm32f10x_i2c.o
I2C_GetFlagStatus                                 Libraries\STM32F10x_StdPeriph_Driver\src\stm32f10x_i2c.o
I2C_GetITStatus                                   Libraries\STM32F10x_StdPeriph_Driver\src\stm32f10x_i2c.o
I2C_GetLastEvent                                  Libraries\STM32F10x_StdPeriph_Driver\src\stm32f10x_i2c.o
I2C_GetPEC                                        Libraries\STM32F10x_StdPeriph_Driver\src\stm32f10x_i2c.o
I2C_ITConfig                                      Libraries\STM32F10x_StdPeriph_Driver\src\stm32f10x_i2c.o
I2C_Init                                          Libraries\STM32F10x_StdPeriph_Driver\src\stm32f10x_i2c.o
I2C_NACKPositionConfig                            Libraries\STM32F10x_StdPeriph_Driver\src\stm32f10x_i2c.o
I2C_OwnAddress2Config                             Libraries\STM32F10x_StdPeriph_Driver\src\stm32f10x_i2c.o
I2C_PECPositionConfig                             Libraries\STM32F10x_StdPeriph_Driver\src\stm32f10x_i2c.o
I2C_ReadRegister                                  Libraries\STM32F10x_StdPeriph_Driver\src\stm32f10x_i2c.o
I2C_ReceiveData                                   Libraries\STM32F10x_StdPeriph_Driver\src\stm32f10x_i2c.o
I2C_SMBusAlertConfig                              Libraries\STM32F10x_StdPeriph_Driver\src\stm32f10x_i2c.o
I2C_Send7bitAddress                               Libraries\STM32F10x_StdPeriph_Driver\src\stm32f10x_i2c.o
I2C_SendData                                      Libraries\STM32F10x_StdPeriph_Driver\src\stm32f10x_i2c.o
I2C_SoftwareResetCmd                              Libraries\STM32F10x_StdPeriph_Driver\src\stm32f10x_i2c.o
I2C_StretchClockCmd                               Libraries\STM32F10x_StdPeriph_Driver\src\stm32f10x_i2c.o
I2C_StructInit                                    Libraries\STM32F10x_StdPeriph_Driver\src\stm32f10x_i2c.o
I2C_TransmitPEC                                   Libraries\STM32F10x_StdPeriph_Driver\src\stm32f10x_i2c.o
I2S_Cmd                                           Libraries\STM32F10x_StdPeriph_Driver\src\stm32f10x_spi.o
I2S_Init                                          Libraries\STM32F10x_StdPeriph_Driver\src\stm32f10x_spi.o
I2S_StructInit                                    Libraries\STM32F10x_StdPeriph_Driver\src\stm32f10x_spi.o
IWDG_Enable                                       Libraries\STM32F10x_StdPeriph_Driver\src\stm32f10x_iwdg.o
IWDG_GetFlagStatus                                Libraries\STM32F10x_StdPeriph_Driver\src\stm32f10x_iwdg.o
IWDG_ReloadCounter                                Libraries\STM32F10x_StdPeriph_Driver\src\stm32f10x_iwdg.o
IWDG_SetPrescaler                                 Libraries\STM32F10x_StdPeriph_Driver\src\stm32f10x_iwdg.o
IWDG_SetReload                                    Libraries\STM32F10x_StdPeriph_Driver\src\stm32f10x_iwdg.o
IWDG_WriteAccessCmd                               Libraries\STM32F10x_StdPeriph_Driver\src\stm32f10x_iwdg.o
MemManage_Handler                                 src\stm32f10x_it.o
NMI_Handler                                       src\stm32f10x_it.o
NVIC_Init                                         Libraries\STM32F10x_StdPeriph_Driver\src\misc.o
                                                  Utilities\STM32_EVAL\STM32_Discovery\STM32vldiscovery.o
                                                  src\main.o
NVIC_PriorityGroupConfig                          Libraries\STM32F10x_StdPeriph_Driver\src\misc.o
NVIC_SetVectorTable                               Libraries\STM32F10x_StdPeriph_Driver\src\misc.o
NVIC_SystemLPConfig                               Libraries\STM32F10x_StdPeriph_Driver\src\misc.o
PVD_IRQHandler                                    src\startup_stm32f10x_md_vl.o
PWR_BackupAccessCmd                               Libraries\STM32F10x_StdPeriph_Driver\src\stm32f10x_pwr.o
PWR_ClearFlag                                     Libraries\STM32F10x_StdPeriph_Driver\src\stm32f10x_pwr.o
PWR_DeInit                                        Libraries\STM32F10x_StdPeriph_Driver\src\stm32f10x_pwr.o
PWR_EnterSTANDBYMode                              Libraries\STM32F10x_StdPeriph_Driver\src\stm32f10x_pwr.o
PWR_EnterSTOPMode                                 Libraries\STM32F10x_StdPeriph_Driver\src\stm32f10x_pwr.o
PWR_GetFlagStatus                                 Libraries\STM32F10x_StdPeriph_Driver\src\stm32f10x_pwr.o
PWR_PVDCmd                                        Libraries\STM32F10x_StdPeriph_Driver\src\stm32f10x_pwr.o
PWR_PVDLevelConfig                                Libraries\STM32F10x_StdPeriph_Driver\src\stm32f10x_pwr.o
PWR_WakeUpPinCmd                                  Libraries\STM32F10x_StdPeriph_Driver\src\stm32f10x_pwr.o
PendSV_Handler                                    FreeRTOS_Source\portable\GCC\ARM_CM3\port.o
                                                  src\startup_stm32f10x_md_vl.o
RCC_ADCCLKConfig                                  Libraries\STM32F10x_StdPeriph_Driver\src\stm32f10x_rcc.o
RCC_AHBPeriphClockCmd                             Libraries\STM32F10x_StdPeriph_Driver\src\stm32f10x_rcc.o
RCC_APB1PeriphClockCmd                            Libraries\STM32F10x_StdPeriph_Driver\src\stm32f10x_rcc.o
RCC_APB1PeriphResetCmd                            Libraries\STM32F10x_StdPeriph_Driver\src\stm32f10x_rcc.o
                                                  Libraries\STM32F10x_StdPeriph_Driver\src\stm32f10x_can.o
                                                  Libraries\STM32F10x_StdPeriph_Driver\src\stm32f10x_cec.o
                                                  Libraries\STM32F10x_StdPeriph_Driver\src\stm32f10x_dac.o
                                                  Libraries\STM32F10x_StdPeriph_Driver\src\stm32f10x_i2c.o
                                                  Libraries\STM32F10x_StdPeriph_Driver\src\stm32f10x_pwr.o
                                                  Libraries\STM32F10x_StdPeriph_Driver\src\stm32f10x_spi.o
                                                  Libraries\STM32F10x_StdPeriph_Driver\src\stm32f10x_tim.o
                                                  Libraries\STM32F10x_StdPeriph_Driver\src\stm32f10x_usart.o
                                                  Libraries\STM32F10x_StdPeriph_Driver\src\stm32f10x_wwdg.o
RCC_APB2PeriphClockCmd                            Libraries\STM32F10x_StdPeriph_Driver\src\stm32f10x_rcc.o
                                                  Utilities\STM32_EVAL\STM32_Discovery\STM32vldiscovery.o
                                                  src\main.o
RCC_APB2PeriphResetCmd                            Libraries\STM32F10x_StdPeriph_Driver\src\stm32f10x_rcc.o
                                                  Libraries\STM32F10x_StdPeriph_Driver\src\stm32f10x_adc.o
                                                  Libraries\STM32F10x_StdPeriph_Driver\src\stm32f10x_gpio.o
                                                  Libraries\STM32F10x_StdPeriph_Driver\src\stm32f10x_spi.o
                                                  Libraries\STM32F10x_StdPeriph_Driver\src\stm32f10x_tim.o
                                                  Libraries\STM32F10x_StdPeriph_Driver\src\stm32f10x_usart.o
RCC_AdjustHSICalibrationValue                     Libraries\STM32F10x_StdPeriph_Driver\src\stm32f10x_rcc.o
RCC_BackupResetCmd                                Libraries\STM32F10x_StdPeriph_Driver\src\stm32f10x_rcc.o
                                                  Libraries\STM32F10x_StdPeriph_Driver\src\stm32f10x_bkp.o
RCC_ClearFlag                                     Libraries\STM32F10x_StdPeriph_Driver\src\stm32f10x_rcc.o
RCC_ClearITPendingBit                             Libraries\STM32F10x_StdPeriph_Driver\src\stm32f10x_rcc.o
RCC_ClockSecuritySystemCmd                        Libraries\STM32F10x_StdPeriph_Driver\src\stm32f10x_rcc.o
RCC_DeInit                                        Libraries\STM32F10x_StdPeriph_Driver\src\stm32f10x_rcc.o
RCC_GetClocksFreq                                 Libraries\STM32F10x_StdPeriph_Driver\src\stm32f10x_rcc.o
                                                  Libraries\STM32F10x_StdPeriph_Driver\src\stm32f10x_i2c.o
                                                  Libraries\STM32F10x_StdPeriph_Driver\src\stm32f10x_spi.o
                                                  Libraries\STM32F10x_StdPeriph_Driver\src\stm32f10x_usart.o
RCC_GetFlagStatus                                 Libraries\STM32F10x_StdPeriph_Driver\src\stm32f10x_rcc.o
RCC_GetITStatus                                   Libraries\STM32F10x_StdPeriph_Driver\src\stm32f10x_rcc.o
RCC_GetSYSCLKSource                               Libraries\STM32F10x_StdPeriph_Driver\src\stm32f10x_rcc.o
RCC_HCLKConfig                                    Libraries\STM32F10x_StdPeriph_Driver\src\stm32f10x_rcc.o
RCC_HSEConfig                                     Libraries\STM32F10x_StdPeriph_Driver\src\stm32f10x_rcc.o
RCC_HSICmd                                        Libraries\STM32F10x_StdPeriph_Driver\src\stm32f10x_rcc.o
RCC_IRQHandler                                    src\startup_stm32f10x_md_vl.o
RCC_ITConfig                                      Libraries\STM32F10x_StdPeriph_Driver\src\stm32f10x_rcc.o
RCC_LSEConfig                                     Libraries\STM32F10x_StdPeriph_Driver\src\stm32f10x_rcc.o
RCC_LSICmd                                        Libraries\STM32F10x_StdPeriph_Driver\src\stm32f10x_rcc.o
RCC_MCOConfig                                     Libraries\STM32F10x_StdPeriph_Driver\src\stm32f10x_rcc.o
RCC_PCLK1Config                                   Libraries\STM32F10x_StdPeriph_Driver\src\stm32f10x_rcc.o
RCC_PCLK2Config                                   Libraries\STM32F10x_StdPeriph_Driver\src\stm32f10x_rcc.o
RCC_PLLCmd                                        Libraries\STM32F10x_StdPeriph_Driver\src\stm32f10x_rcc.o
RCC_PLLConfig                                     Libraries\STM32F10x_StdPeriph_Driver\src\stm32f10x_rcc.o
RCC_PREDIV1Config                                 Libraries\STM32F10x_StdPeriph_Driver\src\stm32f10x_rcc.o
RCC_RTCCLKCmd                                     Libraries\STM32F10x_StdPeriph_Driver\src\stm32f10x_rcc.o
RCC_RTCCLKConfig                                  Libraries\STM32F10x_StdPeriph_Driver\src\stm32f10x_rcc.o
RCC_SYSCLKConfig                                  Libraries\STM32F10x_StdPeriph_Driver\src\stm32f10x_rcc.o
RCC_USBCLKConfig                                  Libraries\STM32F10x_StdPeriph_Driver\src\stm32f10x_rcc.o
RCC_WaitForHSEStartUp                             Libraries\STM32F10x_StdPeriph_Driver\src\stm32f10x_rcc.o
RTCAlarm_IRQHandler                               src\startup_stm32f10x_md_vl.o
RTC_ClearFlag                                     Libraries\STM32F10x_StdPeriph_Driver\src\stm32f10x_rtc.o
RTC_ClearITPendingBit                             Libraries\STM32F10x_StdPeriph_Driver\src\stm32f10x_rtc.o
RTC_EnterConfigMode                               Libraries\STM32F10x_StdPeriph_Driver\src\stm32f10x_rtc.o
RTC_ExitConfigMode                                Libraries\STM32F10x_StdPeriph_Driver\src\stm32f10x_rtc.o
RTC_GetCounter                                    Libraries\STM32F10x_StdPeriph_Driver\src\stm32f10x_rtc.o
RTC_GetDivider                                    Libraries\STM32F10x_StdPeriph_Driver\src\stm32f10x_rtc.o
RTC_GetFlagStatus                                 Libraries\STM32F10x_StdPeriph_Driver\src\stm32f10x_rtc.o
RTC_GetITStatus                                   Libraries\STM32F10x_StdPeriph_Driver\src\stm32f10x_rtc.o
RTC_IRQHandler                                    src\startup_stm32f10x_md_vl.o
RTC_ITConfig                                      Libraries\STM32F10x_StdPeriph_Driver\src\stm32f10x_rtc.o
RTC_SetAlarm                                      Libraries\STM32F10x_StdPeriph_Driver\src\stm32f10x_rtc.o
RTC_SetCounter                                    Libraries\STM32F10x_StdPeriph_Driver\src\stm32f10x_rtc.o
RTC_SetPrescaler                                  Libraries\STM32F10x_StdPeriph_Driver\src\stm32f10x_rtc.o
RTC_WaitForLastTask                               Libraries\STM32F10x_StdPeriph_Driver\src\stm32f10x_rtc.o
RTC_WaitForSynchro                                Libraries\STM32F10x_StdPeriph_Driver\src\stm32f10x_rtc.o
Reset_Handler                                     src\startup_stm32f10x_md_vl.o
SDIO_CEATAITCmd                                   Libraries\STM32F10x_StdPeriph_Driver\src\stm32f10x_sdio.o
SDIO_ClearFlag                                    Libraries\STM32F10x_StdPeriph_Driver\src\stm32f10x_sdio.o
SDIO_ClearITPendingBit                            Libraries\STM32F10x_StdPeriph_Driver\src\stm32f10x_sdio.o
SDIO_ClockCmd                                     Libraries\STM32F10x_StdPeriph_Driver\src\stm32f10x_sdio.o
SDIO_CmdStructInit                                Libraries\STM32F10x_StdPeriph_Driver\src\stm32f10x_sdio.o
SDIO_CommandCompletionCmd                         Libraries\STM32F10x_StdPeriph_Driver\src\stm32f10x_sdio.o
SDIO_DMACmd                                       Libraries\STM32F10x_StdPeriph_Driver\src\stm32f10x_sdio.o
SDIO_DataConfig                                   Libraries\STM32F10x_StdPeriph_Driver\src\stm32f10x_sdio.o
SDIO_DataStructInit                               Libraries\STM32F10x_StdPeriph_Driver\src\stm32f10x_sdio.o
SDIO_DeInit                                       Libraries\STM32F10x_StdPeriph_Driver\src\stm32f10x_sdio.o
SDIO_GetCommandResponse                           Libraries\STM32F10x_StdPeriph_Driver\src\stm32f10x_sdio.o
SDIO_GetDataCounter                               Libraries\STM32F10x_StdPeriph_Driver\src\stm32f10x_sdio.o
SDIO_GetFIFOCount                                 Libraries\STM32F10x_StdPeriph_Driver\src\stm32f10x_sdio.o
SDIO_GetFlagStatus                                Libraries\STM32F10x_StdPeriph_Driver\src\stm32f10x_sdio.o
SDIO_GetITStatus                                  Libraries\STM32F10x_StdPeriph_Driver\src\stm32f10x_sdio.o
SDIO_GetPowerState                                Libraries\STM32F10x_StdPeriph_Driver\src\stm32f10x_sdio.o
SDIO_GetResponse                                  Libraries\STM32F10x_StdPeriph_Driver\src\stm32f10x_sdio.o
SDIO_ITConfig                                     Libraries\STM32F10x_StdPeriph_Driver\src\stm32f10x_sdio.o
SDIO_Init                                         Libraries\STM32F10x_StdPeriph_Driver\src\stm32f10x_sdio.o
SDIO_ReadData                                     Libraries\STM32F10x_StdPeriph_Driver\src\stm32f10x_sdio.o
SDIO_SendCEATACmd                                 Libraries\STM32F10x_StdPeriph_Driver\src\stm32f10x_sdio.o
SDIO_SendCommand                                  Libraries\STM32F10x_StdPeriph_Driver\src\stm32f10x_sdio.o
SDIO_SendSDIOSuspendCmd                           Libraries\STM32F10x_StdPeriph_Driver\src\stm32f10x_sdio.o
SDIO_SetPowerState                                Libraries\STM32F10x_StdPeriph_Driver\src\stm32f10x_sdio.o
SDIO_SetSDIOOperation                             Libraries\STM32F10x_StdPeriph_Driver\src\stm32f10x_sdio.o
SDIO_SetSDIOReadWaitMode                          Libraries\STM32F10x_StdPeriph_Driver\src\stm32f10x_sdio.o
SDIO_StartSDIOReadWait                            Libraries\STM32F10x_StdPeriph_Driver\src\stm32f10x_sdio.o
SDIO_StopSDIOReadWait                             Libraries\STM32F10x_StdPeriph_Driver\src\stm32f10x_sdio.o
SDIO_StructInit                                   Libraries\STM32F10x_StdPeriph_Driver\src\stm32f10x_sdio.o
SDIO_WriteData                                    Libraries\STM32F10x_StdPeriph_Driver\src\stm32f10x_sdio.o
SPI1_IRQHandler                                   src\startup_stm32f10x_md_vl.o
SPI2_IRQHandler                                   src\startup_stm32f10x_md_vl.o
SPI_BiDirectionalLineConfig                       Libraries\STM32F10x_StdPeriph_Driver\src\stm32f10x_spi.o
SPI_CalculateCRC                                  Libraries\STM32F10x_StdPeriph_Driver\src\stm32f10x_spi.o
SPI_Cmd                                           Libraries\STM32F10x_StdPeriph_Driver\src\stm32f10x_spi.o
SPI_DataSizeConfig                                Libraries\STM32F10x_StdPeriph_Driver\src\stm32f10x_spi.o
SPI_GetCRC                                        Libraries\STM32F10x_StdPeriph_Driver\src\stm32f10x_spi.o
SPI_GetCRCPolynomial                              Libraries\STM32F10x_StdPeriph_Driver\src\stm32f10x_spi.o
SPI_I2S_ClearFlag                                 Libraries\STM32F10x_StdPeriph_Driver\src\stm32f10x_spi.o
SPI_I2S_ClearITPendingBit                         Libraries\STM32F10x_StdPeriph_Driver\src\stm32f10x_spi.o
SPI_I2S_DMACmd                                    Libraries\STM32F10x_StdPeriph_Driver\src\stm32f10x_spi.o
SPI_I2S_DeInit                                    Libraries\STM32F10x_StdPeriph_Driver\src\stm32f10x_spi.o
SPI_I2S_GetFlagStatus                             Libraries\STM32F10x_StdPeriph_Driver\src\stm32f10x_spi.o
SPI_I2S_GetITStatus                               Libraries\STM32F10x_StdPeriph_Driver\src\stm32f10x_spi.o
SPI_I2S_ITConfig                                  Libraries\STM32F10x_StdPeriph_Driver\src\stm32f10x_spi.o
SPI_I2S_ReceiveData                               Libraries\STM32F10x_StdPeriph_Driver\src\stm32f10x_spi.o
SPI_I2S_SendData                                  Libraries\STM32F10x_StdPeriph_Driver\src\stm32f10x_spi.o
SPI_Init                                          Libraries\STM32F10x_StdPeriph_Driver\src\stm32f10x_spi.o
SPI_NSSInternalSoftwareConfig                     Libraries\STM32F10x_StdPeriph_Driver\src\stm32f10x_spi.o
SPI_SSOutputCmd                                   Libraries\STM32F10x_StdPeriph_Driver\src\stm32f10x_spi.o
SPI_StructInit                                    Libraries\STM32F10x_StdPeriph_Driver\src\stm32f10x_spi.o
SPI_TransmitCRC                                   Libraries\STM32F10x_StdPeriph_Driver\src\stm32f10x_spi.o
STM32vldiscovery_LEDInit                          Utilities\STM32_EVAL\STM32_Discovery\STM32vldiscovery.o
STM32vldiscovery_LEDOff                           Utilities\STM32_EVAL\STM32_Discovery\STM32vldiscovery.o
STM32vldiscovery_LEDOn                            Utilities\STM32_EVAL\STM32_Discovery\STM32vldiscovery.o
                                                  src\main.o
STM32vldiscovery_LEDToggle                        Utilities\STM32_EVAL\STM32_Discovery\STM32vldiscovery.o
                                                  src\main.o
STM32vldiscovery_PBGetState                       Utilities\STM32_EVAL\STM32_Discovery\STM32vldiscovery.o
STM32vldiscovery_PBInit                           Utilities\STM32_EVAL\STM32_Discovery\STM32vldiscovery.o
SVC_Handler                                       FreeRTOS_Source\portable\GCC\ARM_CM3\port.o
                                                  src\startup_stm32f10x_md_vl.o
SysTick_CLKSourceConfig                           Libraries\STM32F10x_StdPeriph_Driver\src\misc.o
SysTick_Handler                                   FreeRTOS_Source\portable\GCC\ARM_CM3\port.o
                                                  src\startup_stm32f10x_md_vl.o
SystemCoreClock                                   src\system_stm32f10x.o
SystemCoreClockUpdate                             src\system_stm32f10x.o
SystemInit                                        src\system_stm32f10x.o
                                                  src\startup_stm32f10x_md_vl.o
TAMPER_IRQHandler                                 src\startup_stm32f10x_md_vl.o
TIM1_BRK_TIM15_IRQHandler                         src\startup_stm32f10x_md_vl.o
TIM1_CC_IRQHandler                                src\startup_stm32f10x_md_vl.o
TIM1_TRG_COM_TIM17_IRQHandler                     src\startup_stm32f10x_md_vl.o
TIM1_UP_TIM16_IRQHandler                          src\startup_stm32f10x_md_vl.o
TIM2_IRQHandler                                   src\startup_stm32f10x_md_vl.o
TIM3_IRQHandler                                   src\startup_stm32f10x_md_vl.o
TIM4_IRQHandler                                   src\startup_stm32f10x_md_vl.o
TIM6_DAC_IRQHandler                               src\startup_stm32f10x_md_vl.o
TIM7_IRQHandler                                   src\startup_stm32f10x_md_vl.o
TIM_ARRPreloadConfig                              Libraries\STM32F10x_StdPeriph_Driver\src\stm32f10x_tim.o
TIM_BDTRConfig                                    Libraries\STM32F10x_StdPeriph_Driver\src\stm32f10x_tim.o
TIM_BDTRStructInit                                Libraries\STM32F10x_StdPeriph_Driver\src\stm32f10x_tim.o
TIM_CCPreloadControl                              Libraries\STM32F10x_StdPeriph_Driver\src\stm32f10x_tim.o
TIM_CCxCmd                                        Libraries\STM32F10x_StdPeriph_Driver\src\stm32f10x_tim.o
TIM_CCxNCmd                                       Libraries\STM32F10x_StdPeriph_Driver\src\stm32f10x_tim.o
TIM_ClearFlag                                     Libraries\STM32F10x_StdPeriph_Driver\src\stm32f10x_tim.o